Component: ARM Compiler 5.06 update 6 (build 750) Tool: armlink [4d35ed]

==============================================================================

Section Cross References

    startup_stm32f10x_md.o(RESET) refers to startup_stm32f10x_md.o(STACK) for __initial_sp
    startup_stm32f10x_md.o(RESET) refers to startup_stm32f10x_md.o(.text) for Reset_Handler
    startup_stm32f10x_md.o(RESET) refers to stm32f10x_it.o(i.NMI_Handler) for NMI_Handler
    startup_stm32f10x_md.o(RESET) refers to stm32f10x_it.o(i.HardFault_Handler) for HardFault_Handler
    startup_stm32f10x_md.o(RESET) refers to stm32f10x_it.o(i.MemManage_Handler) for MemManage_Handler
    startup_stm32f10x_md.o(RESET) refers to stm32f10x_it.o(i.BusFault_Handler) for BusFault_Handler
    startup_stm32f10x_md.o(RESET) refers to stm32f10x_it.o(i.UsageFault_Handler) for UsageFault_Handler
    startup_stm32f10x_md.o(RESET) refers to port.o(.emb_text) for SVC_Handler
    startup_stm32f10x_md.o(RESET) refers to stm32f10x_it.o(i.DebugMon_Handler) for DebugMon_Handler
    startup_stm32f10x_md.o(RESET) refers to delay.o(i.SysTick_Handler) for SysTick_Handler
    startup_stm32f10x_md.o(RESET) refers to stm32f10x_it.o(i.EXTI0_IRQHandler) for EXTI0_IRQHandler
    startup_stm32f10x_md.o(RESET) refers to stm32f10x_it.o(i.TIM2_IRQHandler) for TIM2_IRQHandler
    startup_stm32f10x_md.o(RESET) refers to stm32f10x_it.o(i.TIM3_IRQHandler) for TIM3_IRQHandler
    startup_stm32f10x_md.o(RESET) refers to freertos_timer.o(i.TIM4_IRQHandler) for TIM4_IRQHandler
    startup_stm32f10x_md.o(RESET) refers to stm32f10x_it.o(i.USART1_IRQHandler) for USART1_IRQHandler
    startup_stm32f10x_md.o(RESET) refers to bluetooth.o(i.USART3_IRQHandler) for USART3_IRQHandler
    startup_stm32f10x_md.o(RESET) refers to stm32f10x_it.o(i.EXTI15_10_IRQHandler) for EXTI15_10_IRQHandler
    startup_stm32f10x_md.o(.text) refers to system_stm32f10x.o(i.SystemInit) for SystemInit
    startup_stm32f10x_md.o(.text) refers to entry.o(.ARM.Collect$$$$00000000) for __main
    system_stm32f10x.o(i.SetSysClock) refers to system_stm32f10x.o(i.SetSysClockTo72) for SetSysClockTo72
    system_stm32f10x.o(i.SystemCoreClockUpdate) refers to system_stm32f10x.o(.data) for SystemCoreClock
    system_stm32f10x.o(i.SystemInit) refers to system_stm32f10x.o(i.SetSysClock) for SetSysClock
    stm32f10x_adc.o(i.ADC_DeInit) refers to stm32f10x_rcc.o(i.RCC_APB2PeriphResetCmd) for RCC_APB2PeriphResetCmd
    stm32f10x_bkp.o(i.BKP_DeInit) refers to stm32f10x_rcc.o(i.RCC_BackupResetCmd) for RCC_BackupResetCmd
    stm32f10x_can.o(i.CAN_DeInit) refers to stm32f10x_rcc.o(i.RCC_APB1PeriphResetCmd) for RCC_APB1PeriphResetCmd
    stm32f10x_can.o(i.CAN_GetITStatus) refers to stm32f10x_can.o(i.CheckITStatus) for CheckITStatus
    stm32f10x_cec.o(i.CEC_DeInit) refers to stm32f10x_rcc.o(i.RCC_APB1PeriphResetCmd) for RCC_APB1PeriphResetCmd
    stm32f10x_dac.o(i.DAC_DeInit) refers to stm32f10x_rcc.o(i.RCC_APB1PeriphResetCmd) for RCC_APB1PeriphResetCmd
    stm32f10x_flash.o(i.FLASH_EnableWriteProtection) refers to stm32f10x_flash.o(i.FLASH_WaitForLastOperation) for FLASH_WaitForLastOperation
    stm32f10x_flash.o(i.FLASH_EraseAllBank1Pages) refers to stm32f10x_flash.o(i.FLASH_WaitForLastBank1Operation) for FLASH_WaitForLastBank1Operation
    stm32f10x_flash.o(i.FLASH_EraseAllPages) refers to stm32f10x_flash.o(i.FLASH_WaitForLastOperation) for FLASH_WaitForLastOperation
    stm32f10x_flash.o(i.FLASH_EraseOptionBytes) refers to stm32f10x_flash.o(i.FLASH_GetReadOutProtectionStatus) for FLASH_GetReadOutProtectionStatus
    stm32f10x_flash.o(i.FLASH_EraseOptionBytes) refers to stm32f10x_flash.o(i.FLASH_WaitForLastOperation) for FLASH_WaitForLastOperation
    stm32f10x_flash.o(i.FLASH_ErasePage) refers to stm32f10x_flash.o(i.FLASH_WaitForLastOperation) for FLASH_WaitForLastOperation
    stm32f10x_flash.o(i.FLASH_ProgramHalfWord) refers to stm32f10x_flash.o(i.FLASH_WaitForLastOperation) for FLASH_WaitForLastOperation
    stm32f10x_flash.o(i.FLASH_ProgramOptionByteData) refers to stm32f10x_flash.o(i.FLASH_WaitForLastOperation) for FLASH_WaitForLastOperation
    stm32f10x_flash.o(i.FLASH_ProgramWord) refers to stm32f10x_flash.o(i.FLASH_WaitForLastOperation) for FLASH_WaitForLastOperation
    stm32f10x_flash.o(i.FLASH_ReadOutProtection) refers to stm32f10x_flash.o(i.FLASH_WaitForLastOperation) for FLASH_WaitForLastOperation
    stm32f10x_flash.o(i.FLASH_UserOptionByteConfig) refers to stm32f10x_flash.o(i.FLASH_WaitForLastOperation) for FLASH_WaitForLastOperation
    stm32f10x_flash.o(i.FLASH_WaitForLastBank1Operation) refers to stm32f10x_flash.o(i.FLASH_GetBank1Status) for FLASH_GetBank1Status
    stm32f10x_flash.o(i.FLASH_WaitForLastOperation) refers to stm32f10x_flash.o(i.FLASH_GetBank1Status) for FLASH_GetBank1Status
    stm32f10x_gpio.o(i.GPIO_AFIODeInit) refers to stm32f10x_rcc.o(i.RCC_APB2PeriphResetCmd) for RCC_APB2PeriphResetCmd
[...]
    .text                                    0x0800069a   Section        0  dfltui.o(.text)
    .text                                    0x080006b4   Section        0  ffixi.o(.text)
    .text                                    0x080006e6   Section        0  ffixui.o(.text)
    .text                                    0x0800070e   Section        0  dfixi.o(.text)
    .text                                    0x0800074c   Section        0  dfixui.o(.text)
    .text                                    0x0800077e   Section        0  f2d.o(.text)
    .text                                    0x080007a4   Section       48  cdcmple.o(.text)
    .text                                    0x080007d4   Section       48  cdrcmple.o(.text)
    .text                                    0x08000804   Section        0  d2f.o(.text)
    .text                                    0x0800083c   Section       20  cfcmple.o(.text)
    .text                                    0x08000850   Section       20  cfrcmple.o(.text)
    .text                                    0x08000864   Section        0  uidiv.o(.text)
    .text                                    0x08000890   Section        0  uldiv.o(.text)
    .text                                    0x080008f2   Section        0  llshl.o(.text)
    .text                                    0x08000910   Section        0  llushr.o(.text)
    .text                                    0x08000930   Section        0  llsshr.o(.text)
    .text                                    0x08000954   Section        0  iusefp.o(.text)
    .text                                    0x08000954   Section        0  fepilogue.o(.text)
    .text                                    0x080009c2   Section        0  depilogue.o(.text)
    .text                                    0x08000a7c   Section        0  drem.o(.text)
    .text                                    0x08000b02   Section        0  dfixul.o(.text)
    .text                                    0x08000b34   Section       36  init.o(.text)
    .text                                    0x08000b58   Section        0  dscalb.o(.text)
    .text                                    0x08000b86   Section        0  __dczerorl2.o(.text)
    i.AS5600_INIT                            0x08000bdc   Section        0  as5600.o(i.AS5600_INIT)
    i.BusFault_Handler                       0x08000be8   Section        0  stm32f10x_it.o(i.BusFault_Handler)
    i.DebugMon_Handler                       0x08000bec   Section        0  stm32f10x_it.o(i.DebugMon_Handler)
    i.EXTI0_IRQHandler                       0x08000bf0   Section        0  stm32f10x_it.o(i.EXTI0_IRQHandler)
    i.EXTI15_10_IRQHandler                   0x08000c14   Section        0  stm32f10x_it.o(i.EXTI15_10_IRQHandler)
    i.EXTI_ClearITPendingBit                 0x08000c40   Section        0  stm32f10x_exti.o(i.EXTI_ClearITPendingBit)
    i.EXTI_GetITStatus                       0x08000c4c   Section        0  stm32f10x_exti.o(i.EXTI_GetITStatus)
    i.FOC_INIT_ALL                           0x08000c74   Section        0  main.o(i.FOC_INIT_ALL)
    i.GPIO_Config                            0x08000d74   Section        0  bldcmotor.o(i.GPIO_Config)
    GPIO_Config                              0x08000d75   Thumb Code    42  bldcmotor.o(i.GPIO_Config)
    i.GPIO_Init                              0x08000da4   Section        0  stm32f10x_gpio.o(i.GPIO_Init)
    i.GPIO_ReadInputDataBit                  0x08000eba   Section        0  stm32f10x_gpio.o(i.GPIO_ReadInputDataBit)
    i.GPIO_ResetBits                         0x08000ecc   Section        0  stm32f10x_gpio.o(i.GPIO_ResetBits)
    i.GPIO_SetBits                           0x08000ed0   Section        0  stm32f10x_gpio.o(i.GPIO_SetBits)
    i.GPIO_WriteBit                          0x08000ed4   Section        0  stm32f10x_gpio.o(i.GPIO_WriteBit)
    i.HardFault_Handler                      0x08000ee0   Section        0  stm32f10x_it.o(i.HardFault_Handler)
    i.I2C_SCL_0                              0x08000efc   Section        0  iic.o(i.I2C_SCL_0)
    I2C_SCL_0                                0x08000efd   Thumb Code    14  iic.o(i.I2C_SCL_0)
    i.I2C_SCL_1                              0x08000f0a   Section        0  iic.o(i.I2C_SCL_1)
    I2C_SCL_1                                0x08000f0b   Thumb Code    14  iic.o(i.I2C_SCL_1)
    i.I2C_SDA_0                              0x08000f18   Section        0  iic.o(i.I2C_SDA_0)
    I2C_SDA_0                                0x08000f19   Thumb Code    14  iic.o(i.I2C_SDA_0)
    i.I2C_SDA_1                              0x08000f26   Section        0  iic.o(i.I2C_SDA_1)
    I2C_SDA_1                                0x08000f27   Thumb Code    14  iic.o(i.I2C_SDA_1)
    i.I2C_SDA_READ                           0x08000f34   Section        0  iic.o(i.I2C_SDA_READ)
    I2C_SDA_READ                             0x08000f35   Thumb Code    14  iic.o(i.I2C_SDA_READ)
    i.LPF_velocity                           0x08000f44   Section        0  lowpass_filter.o(i.LPF_velocity)
    i.MagneticSensor_Init_soft               0x08000fa4   Section        0  magneticsensor.o(i.MagneticSensor_Init_soft)
    i.MemManage_Handler                      0x08000fdc   Section        0  stm32f10x_it.o(i.MemManage_Handler)
    i.Motor_init                             0x08000fe0   Section        0  bldcmotor.o(i.Motor_init)
    i.Motor_initFOC                          0x08001050   Section        0  bldcmotor.o(i.Motor_initFOC)
    i.NMI_Handler                            0x080010b0   Section        0  stm32f10x_it.o(i.NMI_Handler)
    i.NVIC_Configuration                     0x080010b2   Section        0  usart.o(i.NVIC_Configuration)
    NVIC_Configuration                       0x080010b3   Thumb Code    38  usart.o(i.NVIC_Configuration)
    i.NVIC_Init                              0x080010d8   Section        0  misc.o(i.NVIC_Init)
    i.NVIC_PriorityGroupConfig               0x08001148   Section        0  misc.o(i.NVIC_PriorityGroupConfig)
    i.OLED_Clear_C8T6                        0x0800115c   Section        0  oled_show.o(i.OLED_Clear_C8T6)
    i.OLED_I2C_Init_C8T6                     0x08001188   Section        0  oled_show.o(i.OLED_I2C_Init_C8T6)
    i.OLED_I2C_SendByte_C8T6                 0x080011d8   Section        0  oled_show.o(i.OLED_I2C_SendByte_C8T6)
    i.OLED_I2C_Start_C8T6                    0x08001234   Section        0  oled_show.o(i.OLED_I2C_Start_C8T6)
    i.OLED_I2C_Stop_C8T6                     0x08001268   Section        0  oled_show.o(i.OLED_I2C_Stop_C8T6)
    i.OLED_Init_C8T6                         0x08001290   Section        0  oled_show.o(i.OLED_Init_C8T6)
    i.OLED_Pow_C8T6                          0x0800133e   Section        0  oled_show.o(i.OLED_Pow_C8T6)
    i.OLED_SetCursor_C8T6                    0x08001352   Section        0  oled_show.o(i.OLED_SetCursor_C8T6)
    i.OLED_ShowChar_C8T6                     0x08001374   Section        0  oled_show.o(i.OLED_ShowChar_C8T6)
    i.OLED_ShowHexNum_C8T6                   0x080013e8   Section        0  oled_show.o(i.OLED_ShowHexNum_C8T6)
    i.OLED_ShowNum_C8T6                      0x0800143c   Section        0  oled_show.o(i.OLED_ShowNum_C8T6)
    i.OLED_WriteCommand_C8T6                 0x08001480   Section        0  oled_show.o(i.OLED_WriteCommand_C8T6)
    i.OLED_WriteData_C8T6                    0x080014a0   Section        0  oled_show.o(i.OLED_WriteData_C8T6)
    i.PID_angle                              0x080014c0   Section        0  focpid.o(i.PID_angle)
    i.PID_init                               0x080015d0   Section        0  focpid.o(i.PID_init)
    i.PID_velocity                           0x08001654   Section        0  focpid.o(i.PID_velocity)
    i.RCC_APB1PeriphClockCmd                 0x08001850   Section        0  stm32f10x_rcc.o(i.RCC_APB1PeriphClockCmd)
    i.RCC_APB1PeriphResetCmd                 0x08001870   Section        0  stm32f10x_rcc.o(i.RCC_APB1PeriphResetCmd)
    i.RCC_APB2PeriphClockCmd                 0x08001890   Section        0  stm32f10x_rcc.o(i.RCC_APB2PeriphClockCmd)
    i.RCC_APB2PeriphResetCmd                 0x080018b0   Section        0  stm32f10x_rcc.o(i.RCC_APB2PeriphResetCmd)
    i.RCC_GetClocksFreq                      0x080018d0   Section        0  stm32f10x_rcc.o(i.RCC_GetClocksFreq)
    i.ROS_USART_TEST                         0x080019a4   Section        0  mbotlinuxusart.o(i.ROS_USART_TEST)
    i.SetSysClock                            0x080019d8   Section        0  system_stm32f10x.o(i.SetSysClock)
    SetSysClock                              0x080019d9   Thumb Code     8  system_stm32f10x.o(i.SetSysClock)
    i.SetSysClockTo72                        0x080019e0   Section        0  system_stm32f10x.o(i.SetSysClockTo72)
    SetSysClockTo72                          0x080019e1   Thumb Code   214  system_stm32f10x.o(i.SetSysClockTo72)
    i.SysTick_Computation_timeBegin          0x08001ac0   Section        0  systick.o(i.SysTick_Computation_timeBegin)
    i.SysTick_Handler                        0x08001ad8   Section        0  delay.o(i.SysTick_Handler)
    i.SystemInit                             0x08001ae8   Section        0  system_stm32f10x.o(i.SystemInit)
    i.TIM2_IRQHandler                        0x08001b48   Section        0  stm32f10x_it.o(i.TIM2_IRQHandler)
    i.TIM2_PWM_Init                          0x08001b6c   Section        0  timer.o(i.TIM2_PWM_Init)
    i.TIM3_IRQHandler                        0x08001c2c   Section        0  stm32f10x_it.o(i.TIM3_IRQHandler)
    i.TIM4_IRQHandler                        0x08001c4c   Section        0  freertos_timer.o(i.TIM4_IRQHandler)
    i.TIM_ARRPreloadConfig                   0x08001c74   Section        0  stm32f10x_tim.o(i.TIM_ARRPreloadConfig)
    i.TIM_ClearITPendingBit                  0x08001c8c   Section        0  stm32f10x_tim.o(i.TIM_ClearITPendingBit)
    i.TIM_Cmd                                0x08001c92   Section        0  stm32f10x_tim.o(i.TIM_Cmd)
    i.TIM_DeInit                             0x08001cac   Section        0  stm32f10x_tim.o(i.TIM_DeInit)
    i.TIM_GetITStatus                        0x08001e94   Section        0  stm32f10x_tim.o(i.TIM_GetITStatus)
    i.TIM_OC2Init                            0x08001eb8   Section        0  stm32f10x_tim.o(i.TIM_OC2Init)
    i.TIM_OC2PreloadConfig                   0x08001f5c   Section        0  stm32f10x_tim.o(i.TIM_OC2PreloadConfig)
    i.TIM_OC3Init                            0x08001f78   Section        0  stm32f10x_tim.o(i.TIM_OC3Init)
    i.TIM_OC3PreloadConfig                   0x08002018   Section        0  stm32f10x_tim.o(i.TIM_OC3PreloadConfig)
    i.TIM_OC4Init                            0x0800202c   Section        0  stm32f10x_tim.o(i.TIM_OC4Init)
    i.TIM_OC4PreloadConfig                   0x080020a8   Section        0  stm32f10x_tim.o(i.TIM_OC4PreloadConfig)
    i.TIM_SetCompare2                        0x080020c2   Section        0  stm32f10x_tim.o(i.TIM_SetCompare2)
    i.TIM_SetCompare3                        0x080020c6   Section        0  stm32f10x_tim.o(i.TIM_SetCompare3)
    i.TIM_SetCompare4                        0x080020ca   Section        0  stm32f10x_tim.o(i.TIM_SetCompare4)
    i.TIM_TimeBaseInit                       0x080020d0   Section        0  stm32f10x_tim.o(i.TIM_TimeBaseInit)
    i.USART1_IRQHandler                      0x08002174   Section        0  stm32f10x_it.o(i.USART1_IRQHandler)
    i.USART3_IRQHandler                      0x080021a8   Section        0  bluetooth.o(i.USART3_IRQHandler)
    i.USART_ClearITPendingBit                0x080022a8   Section        0  stm32f10x_usart.o(i.USART_ClearITPendingBit)
    i.USART_Cmd                              0x080022c6   Section        0  stm32f10x_usart.o(i.USART_Cmd)
    i.USART_Config                           0x080022e0   Section        0  usart.o(i.USART_Config)
    i.USART_GetFlagStatus                    0x08002370   Section        0  stm32f10x_usart.o(i.USART_GetFlagStatus)
    i.USART_GetITStatus                      0x0800238a   Section        0  stm32f10x_usart.o(i.USART_GetITStatus)
    i.USART_ITConfig                         0x080023de   Section        0  stm32f10x_usart.o(i.USART_ITConfig)
    i.USART_Init                             0x08002428   Section        0  stm32f10x_usart.o(i.USART_Init)
    i.USART_ReceiveData                      0x08002500   Section        0  stm32f10x_usart.o(i.USART_ReceiveData)
    i.USART_SendData                         0x0800250a   Section        0  stm32f10x_usart.o(i.USART_SendData)
    i.USART_Send_String                      0x08002514   Section        0  mbotlinuxusart.o(i.USART_Send_String)
    i.UsageFault_Handler                     0x08002550   Section        0  stm32f10x_it.o(i.UsageFault_Handler)
    i.Usart_SendStr                          0x08002554   Section        0  usart.o(i.Usart_SendStr)
    i.__0printf                              0x08002580   Section        0  printfa.o(i.__0printf)
    i.__ARM_fpclassify                       0x080025a0   Section        0  fpclassify.o(i.__ARM_fpclassify)
    i.__kernel_poly                          0x080025c8   Section        0  poly.o(i.__kernel_poly)
    i.__mathlib_dbl_infnan                   0x08002672   Section        0  dunder.o(i.__mathlib_dbl_infnan)
    i.__mathlib_dbl_infnan2                  0x08002678   Section        0  dunder.o(i.__mathlib_dbl_infnan2)
    i.__mathlib_dbl_invalid                  0x0800267c   Section        0  dunder.o(i.__mathlib_dbl_invalid)
    i.__mathlib_dbl_underflow                0x08002688   Section        0  dunder.o(i.__mathlib_dbl_underflow)
    i.__scatterload_copy                     0x08002698   Section       14  handlers.o(i.__scatterload_copy)
    i.__scatterload_null                     0x080026a6   Section        2  handlers.o(i.__scatterload_null)
    i.__scatterload_zeroinit                 0x080026a8   Section       14  handlers.o(i.__scatterload_zeroinit)
    i.__set_errno                            0x080026b8   Section        0  errno.o(i.__set_errno)
    i._electricalAngle                       0x080026c4   Section        0  foc_utils.o(i._electricalAngle)
    i._fp_digits                             0x080026dc   Section        0  printfa.o(i._fp_digits)
    _fp_digits                               0x080026dd   Thumb Code   366  printfa.o(i._fp_digits)
    i._normalizeAngle                        0x08002860   Section        0  foc_utils.o(i._normalizeAngle)
    i._printf_core                           0x080028b4   Section        0  printfa.o(i._printf_core)
    _printf_core                             0x080028b5   Thumb Code  1744  printfa.o(i._printf_core)
    i._printf_post_padding                   0x08002f90   Section        0  printfa.o(i._printf_post_padding)
    _printf_post_padding                     0x08002f91   Thumb Code    36  printfa.o(i._printf_post_padding)
    i._printf_pre_padding                    0x08002fb4   Section        0  printfa.o(i._printf_pre_padding)
    _printf_pre_padding                      0x08002fb5   Thumb Code    46  printfa.o(i._printf_pre_padding)
    i._sin                                   0x08002fe4   Section        0  foc_utils.o(i._sin)
    i._sqrtApprox                            0x0800327c   Section        0  foc_utils.o(i._sqrtApprox)
    i.alignSensor                            0x0800329c   Section        0  bldcmotor.o(i.alignSensor)
    i.angleOpenloop                          0x08003624   Section        0  bldcmotor.o(i.angleOpenloop)
    i.atan                                   0x0800379c   Section        0  atan.o(i.atan)
    i.atan2                                  0x080039bc   Section        0  atan2.o(i.atan2)
    i.delay_ms                               0x08003b3c   Section        0  delay.o(i.delay_ms)
    i.delay_us                               0x08003b54   Section        0  delay.o(i.delay_us)
    i.electricalAngle                        0x08003b9c   Section        0  focmotor.o(i.electricalAngle)
    i.fmod                                   0x08003be4   Section        0  fmod.o(i.fmod)
    i.fputc                                  0x08003c78   Section        0  usart.o(i.fputc)
    i.getAngle_soft                          0x08003c9c   Section        0  magneticsensor.o(i.getAngle_soft)
    i.getCrc8                                0x08003d98   Section        0  mbotlinuxusart.o(i.getCrc8)
    i.getVelocity                            0x08003dd0   Section        0  magneticsensor.o(i.getVelocity)
    i.i2c_Ack                                0x08003ea8   Section        0  iic.o(i.i2c_Ack)
    i.i2c_CfgGpio                            0x08003ed2   Section        0  iic.o(i.i2c_CfgGpio)
    i.i2c_Delay                              0x08003f0c   Section        0  iic.o(i.i2c_Delay)
    i2c_Delay                                0x08003f0d   Thumb Code    14  iic.o(i.i2c_Delay)
    i.i2c_NAck                               0x08003f1a   Section        0  iic.o(i.i2c_NAck)
    i.i2c_ReadByte                           0x08003f3e   Section        0  iic.o(i.i2c_ReadByte)
    i.i2c_SendByte                           0x08003f8e   Section        0  iic.o(i.i2c_SendByte)
    i.i2c_Start                              0x08003fdc   Section        0  iic.o(i.i2c_Start)
    i.i2c_Stop                               0x08004006   Section        0  iic.o(i.i2c_Stop)
    i.i2c_WaitAck                            0x08004022   Section        0  iic.o(i.i2c_WaitAck)
    i.loopFOC                                0x08004058   Section        0  bldcmotor.o(i.loopFOC)
    i.main                                   0x080040ec   Section        0  main.o(i.main)
    i.move                                   0x08004138   Section        0  bldcmotor.o(i.move)
    i.noAS5600_ReadRawAngleTwo               0x0800422c   Section        0  as5600.o(i.noAS5600_ReadRawAngleTwo)
    i.prvResetNextTaskUnblockTime            0x080042a0   Section        0  tasks.o(i.prvResetNextTaskUnblockTime)
    prvResetNextTaskUnblockTime              0x080042a1   Thumb Code    40  tasks.o(i.prvResetNextTaskUnblockTime)
    i.setPhaseVoltage                        0x080042d0   Section        0  bldcmotor.o(i.setPhaseVoltage)
    i.shaftAngle                             0x080046fc   Section        0  focmotor.o(i.shaftAngle)
    i.shaftVelocity                          0x08004734   Section        0  focmotor.o(i.shaftVelocity)
    i.usartReceiveOneData                    0x08004760   Section        0  mbotlinuxusart.o(i.usartReceiveOneData)
    i.usartSendData                          0x08004958   Section        0  mbotlinuxusart.o(i.usartSendData)
    i.vTaskSwitchContext                     0x08004a08   Section        0  tasks.o(i.vTaskSwitchContext)
    i.velocityOpenloop                       0x08004ab4   Section        0  bldcmotor.o(i.velocityOpenloop)
    i.xPortSysTickHandler                    0x08004bac   Section        0  port.o(i.xPortSysTickHandler)
    i.xTaskGetSchedulerState                 0x08004be0   Section        0  tasks.o(i.xTaskGetSchedulerState)
    i.xTaskIncrementTick                     0x08004c00   Section        0  tasks.o(i.xTaskIncrementTick)
    .constdata                               0x08004dd8   Section        4  mbotlinuxusart.o(.constdata)
    .constdata                               0x08004ddc   Section     3592  oled_show.o(.constdata)
    .constdata                               0x08005be4   Section      800  foc_utils.o(.constdata)
    .constdata                               0x08005f08   Section      152  atan.o(.constdata)
    atanhi                                   0x08005f08   Data          32  atan.o(.constdata)
    atanlo                                   0x08005f28   Data          32  atan.o(.constdata)
    aTodd                                    0x08005f48   Data          40  atan.o(.constdata)
    aTeven                                   0x08005f70   Data          48  atan.o(.constdata)
    .constdata                               0x08005fa0   Section        8  qnan.o(.constdata)
    .data                                    0x20000000   Section       20  stm32f10x_rcc.o(.data)
    APBAHBPrescTable                         0x20000000   Data          16  stm32f10x_rcc.o(.data)
    ADCPrescTable                            0x20000010   Data           4  stm32f10x_rcc.o(.data)
    .data                                    0x20000014   Section       12  main.o(.data)
    .data                                    0x20000020   Section        2  delay.o(.data)
    g_fac_us                                 0x20000020   Data           2  delay.o(.data)
    .data                                    0x20000024   Section        4  freertos_timer.o(.data)
    .data                                    0x20000028   Section       96  iic.o(.data)
    .data                                    0x20000088   Section       44  mbotlinuxusart.o(.data)
    checkSum                                 0x200000a4   Data           1  mbotlinuxusart.o(.data)
    USARTBufferIndex                         0x200000a5   Data           1  mbotlinuxusart.o(.data)
    j                                        0x200000a6   Data           2  mbotlinuxusart.o(.data)
    k                                        0x200000a8   Data           2  mbotlinuxusart.o(.data)
    USARTReceiverFront                       0x200000aa   Data           1  mbotlinuxusart.o(.data)
    Start_Flag                               0x200000ab   Data           1  mbotlinuxusart.o(.data)
    dataLength                               0x200000ac   Data           2  mbotlinuxusart.o(.data)
    length                                   0x200000b0   Data           4  mbotlinuxusart.o(.data)
    .data                                    0x200000b4   Section       16  bluetooth.o(.data)
    .data                                    0x200000c4   Section       64  tasks.o(.data)
    pxDelayedTaskList                        0x200000c8   Data           4  tasks.o(.data)
    pxOverflowDelayedTaskList                0x200000cc   Data           4  tasks.o(.data)
    uxDeletedTasksWaitingCleanUp             0x200000d0   Data           4  tasks.o(.data)
    uxCurrentNumberOfTasks                   0x200000d4   Data           4  tasks.o(.data)
    xTickCount                               0x200000d8   Data           4  tasks.o(.data)
    uxTopReadyPriority                       0x200000dc   Data           4  tasks.o(.data)
    xSchedulerRunning                        0x200000e0   Data           4  tasks.o(.data)
    xPendedTicks                             0x200000e4   Data           4  tasks.o(.data)
    xYieldPending                            0x200000e8   Data           4  tasks.o(.data)
    xNumOfOverflows                          0x200000ec   Data           4  tasks.o(.data)
    uxTaskNumber                             0x200000f0   Data           4  tasks.o(.data)
    xNextTaskUnblockTime                     0x200000f4   Data           4  tasks.o(.data)
    xIdleTaskHandle                          0x200000f8   Data           4  tasks.o(.data)
    uxSchedulerSuspended                     0x20000100   Data           4  tasks.o(.data)
    .data                                    0x20000104   Section       28  bldcmotor.o(.data)
    .data                                    0x20000120   Section       52  focmotor.o(.data)
    .data                                    0x20000154   Section        4  lowpass_filter.o(.data)
    .data                                    0x20000158   Section       20  magneticsensor.o(.data)
    .data                                    0x2000016c   Section       44  focpid.o(.data)
    .data                                    0x20000198   Section        4  stdout.o(.data)
    .data                                    0x2000019c   Section        4  errno.o(.data)
    _errno                                   0x2000019c   Data           4  errno.o(.data)
    .bss                                     0x200001a0   Section       16  mbotlinuxusart.o(.bss)
    .bss                                     0x200001b0   Section      740  tasks.o(.bss)
    pxReadyTasksLists                        0x200001b0   Data         640  tasks.o(.bss)
    xDelayedTaskList1                        0x20000430   Data          20  tasks.o(.bss)
    xDelayedTaskList2                        0x20000444   Data          20  tasks.o(.bss)
    xPendingReadyList                        0x20000458   Data          20  tasks.o(.bss)
    xTasksWaitingTermination                 0x2000046c   Data          20  tasks.o(.bss)
    xSuspendedTaskList                       0x20000480   Data          20  tasks.o(.bss)
    STACK                                    0x20000498   Section     1024  startup_stm32f10x_md.o(STACK)
    .ARM.__AT_0x68000000                     0x68000000   Section       32  malloc.o(.ARM.__AT_0x68000000)
    mem2base                                 0x68000000   Data          32  malloc.o(.ARM.__AT_0x68000000)
    .ARM.__AT_0x68000020                     0x68000020   Section        2  malloc.o(.ARM.__AT_0x68000020)
    mem2mapbase                              0x68000020   Data           2  malloc.o(.ARM.__AT_0x68000020)

    Global Symbols

    Symbol Name                              Value     Ov Type        Size  Object(Section)

    BuildAttributes$$THM_ISAv4$P$D$K$B$S$PE$A:L22UL41UL21$X:L11$S22US41US21$IEEE1$IW$USESV6$~STKCKD$USESV7$~SHL$OTIME$ROPI$IEEEX$EBA8$MICROLIB$REQ8$PRES8$EABIv2 0x00000000   Number         0  anon$$obj.o ABSOLUTE
    __ARM_use_no_argv                        0x00000000   Number         0  main.o ABSOLUTE
    _printf_a                                0x00000000   Number         0  stubs.o ABSOLUTE
    _printf_c                                0x00000000   Number         0  stubs.o ABSOLUTE
    _printf_charcount                        0x00000000   Number         0  stubs.o ABSOLUTE
    _printf_d                                0x00000000   Number         0  stubs.o ABSOLUTE
    _printf_e                                0x00000000   Number         0  stubs.o ABSOLUTE
    _printf_f                                0x00000000   Number         0  stubs.o ABSOLUTE
    _printf_flags                            0x00000000   Number         0  stubs.o ABSOLUTE
    _printf_fp_dec                           0x00000000   Number         0  stubs.o ABSOLUTE
    _printf_fp_hex                           0x00000000   Number         0  stubs.o ABSOLUTE
    _printf_g                                0x00000000   Number         0  stubs.o ABSOLUTE
    _printf_i                                0x00000000   Number         0  stubs.o ABSOLUTE
    _printf_int_dec                          0x00000000   Number         0  stubs.o ABSOLUTE
    _printf_l                                0x00000000   Number         0  stubs.o ABSOLUTE
    _printf_lc                               0x00000000   Number         0  stubs.o ABSOLUTE
    _printf_ll                               0x00000000   Number         0  stubs.o ABSOLUTE
    _printf_lld                              0x00000000   Number         0  stubs.o ABSOLUTE
    _printf_lli                              0x00000000   Number         0  stubs.o ABSOLUTE
    _printf_llo                              0x00000000   Number         0  stubs.o ABSOLUTE
    _printf_llu                              0x00000000   Number         0  stubs.o ABSOLUTE
    _printf_llx                              0x00000000   Number         0  stubs.o ABSOLUTE
    _printf_longlong_dec                     0x00000000   Number         0  stubs.o ABSOLUTE
    _printf_longlong_hex                     0x00000000   Number         0  stubs.o ABSOLUTE
    _printf_longlong_oct                     0x00000000   Number         0  stubs.o ABSOLUTE
    _printf_ls                               0x00000000   Number         0  stubs.o ABSOLUTE
    _printf_mbtowc                           0x00000000   Number         0  stubs.o ABSOLUTE
    _printf_n                                0x00000000   Number         0  stubs.o ABSOLUTE
    _printf_o                                0x00000000   Number         0  stubs.o ABSOLUTE
    _printf_p                                0x00000000   Number         0  stubs.o ABSOLUTE
    _printf_percent                          0x00000000   Number         0  stubs.o ABSOLUTE
    _printf_pre_padding                      0x00000000   Number         0  stubs.o ABSOLUTE
    _printf_return_value                     0x00000000   Number         0  stubs.o ABSOLUTE
    _printf_s                                0x00000000   Number         0  stubs.o ABSOLUTE
    _printf_sizespec                         0x00000000   Number         0  stubs.o ABSOLUTE
    _printf_str                              0x00000000   Number         0  stubs.o ABSOLUTE
    _printf_truncate_signed                  0x00000000   Number         0  stubs.o ABSOLUTE
    _printf_truncate_unsigned                0x00000000   Number         0  stubs.o ABSOLUTE
    _printf_u                                0x00000000   Number         0  stubs.o ABSOLUTE
    _printf_wc                               0x00000000   Number         0  stubs.o ABSOLUTE
    _printf_wctomb                           0x00000000   Number         0  stubs.o ABSOLUTE
    _printf_widthprec                        0x00000000   Number         0  stubs.o ABSOLUTE
    _printf_x                                0x00000000   Number         0  stubs.o ABSOLUTE
    __cpp_initialize__aeabi_                  - Undefined Weak Reference
    __cxa_finalize                            - Undefined Weak Reference
    _clock_init                               - Undefined Weak Reference
    _microlib_exit                            - Undefined Weak Reference
    __Vectors_Size                           0x000000ec   Number         0  startup_stm32f10x_md.o ABSOLUTE
    __Vectors                                0x08000000   Data           4  startup_stm32f10x_md.o(RESET)
    __Vectors_End                            0x080000ec   Data           0  startup_stm32f10x_md.o(RESET)
    __main                                   0x080000ed   Thumb Code     0  entry.o(.ARM.Collect$$$$00000000)
    _main_stk                                0x080000ed   Thumb Code     0  entry2.o(.ARM.Collect$$$$00000001)
    _main_scatterload                        0x080000f1   Thumb Code     0  entry5.o(.ARM.Collect$$$$00000004)
    __main_after_scatterload                 0x080000f5   Thumb Code     0  entry5.o(.ARM.Collect$$$$00000004)
    _main_clock                              0x080000f5   Thumb Code     0  entry7b.o(.ARM.Collect$$$$00000008)
    _main_cpp_init                           0x080000f5   Thumb Code     0  entry8b.o(.ARM.Collect$$$$0000000A)
    _main_init                               0x080000f5   Thumb Code     0  entry9a.o(.ARM.Collect$$$$0000000B)
    __rt_final_cpp                           0x080000fd   Thumb Code     0  entry10a.o(.ARM.Collect$$$$0000000D)
    __rt_final_exit                          0x080000fd   Thumb Code     0  entry11a.o(.ARM.Collect$$$$0000000F)
    SVC_Handler                              0x08000101   Thumb Code    32  port.o(.emb_text)
    __asm___6_port_c_39a90d8d__prvStartFirstTask 0x08000125   Thumb Code    28  port.o(.emb_text)
    PendSV_Handler                           0x08000145   Thumb Code    72  port.o(.emb_text)
    vPortGetIPSR                             0x08000191   Thumb Code     6  port.o(.emb_text)
    Reset_Handler                            0x08000199   Thumb Code     8  startup_stm32f10x_md.o(.text)
    ADC1_2_IRQHandler                        0x080001b3   Thumb Code     0  startup_stm32f10x_md.o(.text)
    CAN1_RX1_IRQHandler                      0x080001b3   Thumb Code     0  startup_stm32f10x_md.o(.text)
    CAN1_SCE_IRQHandler                      0x080001b3   Thumb Code     0  startup_stm32f10x_md.o(.text)
    DMA1_Channel1_IRQHandler                 0x080001b3   Thumb Code     0  startup_stm32f10x_md.o(.text)
    DMA1_Channel2_IRQHandler                 0x080001b3   Thumb Code     0  startup_stm32f10x_md.o(.text)
    DMA1_Channel3_IRQHandler                 0x080001b3   Thumb Code     0  startup_stm32f10x_md.o(.text)
    DMA1_Channel4_IRQHandler                 0x080001b3   Thumb Code     0  startup_stm32f10x_md.o(.text)
    DMA1_Channel5_IRQHandler                 0x080001b3   Thumb Code     0  startup_stm32f10x_md.o(.text)
    DMA1_Channel6_IRQHandler                 0x080001b3   Thumb Code     0  startup_stm32f10x_md.o(.text)
    DMA1_Channel7_IRQHandler                 0x080001b3   Thumb Code     0  startup_stm32f10x_md.o(.text)
    EXTI1_IRQHandler                         0x080001b3   Thumb Code     0  startup_stm32f10x_md.o(.text)
    EXTI2_IRQHandler                         0x080001b3   Thumb Code     0  startup_stm32f10x_md.o(.text)
    EXTI3_IRQHandler                         0x080001b3   Thumb Code     0  startup_stm32f10x_md.o(.text)
    EXTI4_IRQHandler                         0x080001b3   Thumb Code     0  startup_stm32f10x_md.o(.text)
    EXTI9_5_IRQHandler                       0x080001b3   Thumb Code     0  startup_stm32f10x_md.o(.text)
    FLASH_IRQHandler                         0x080001b3   Thumb Code     0  startup_stm32f10x_md.o(.text)
    I2C1_ER_IRQHandler                       0x080001b3   Thumb Code     0  startup_stm32f10x_md.o(.text)
    I2C1_EV_IRQHandler                       0x080001b3   Thumb Code     0  startup_stm32f10x_md.o(.text)
    I2C2_ER_IRQHandler                       0x080001b3   Thumb Code     0  startup_stm32f10x_md.o(.text)
    I2C2_EV_IRQHandler                       0x080001b3   Thumb Code     0  startup_stm32f10x_md.o(.text)
    PVD_IRQHandler                           0x080001b3   Thumb Code     0  startup_stm32f10x_md.o(.text)
    RCC_IRQHandler                           0x080001b3   Thumb Code     0  startup_stm32f10x_md.o(.text)
    RTCAlarm_IRQHandler                      0x080001b3   Thumb Code     0  startup_stm32f10x_md.o(.text)
    RTC_IRQHandler                           0x080001b3   Thumb Code     0  startup_stm32f10x_md.o(.text)
    SPI1_IRQHandler                          0x080001b3   Thumb Code     0  startup_stm32f10x_md.o(.text)
    SPI2_IRQHandler                          0x080001b3   Thumb Code     0  startup_stm32f10x_md.o(.text)
    TAMPER_IRQHandler                        0x080001b3   Thumb Code     0  startup_stm32f10x_md.o(.text)
    TIM1_BRK_IRQHandler                      0x080001b3   Thumb Code     0  startup_stm32f10x_md.o(.text)
    TIM1_CC_IRQHandler                       0x080001b3   Thumb Code     0  startup_stm32f10x_md.o(.text)
    TIM1_TRG_COM_IRQHandler                  0x080001b3   Thumb Code     0  startup_stm32f10x_md.o(.text)
    TIM1_UP_IRQHandler                       0x080001b3   Thumb Code     0  startup_stm32f10x_md.o(.text)
    USART2_IRQHandler                        0x080001b3   Thumb Code     0  startup_stm32f10x_md.o(.text)
    USBWakeUp_IRQHandler                     0x080001b3   Thumb Code     0  startup_stm32f10x_md.o(.text)
    USB_HP_CAN1_TX_IRQHandler                0x080001b3   Thumb Code     0  startup_stm32f10x_md.o(.text)
    USB_LP_CAN1_RX0_IRQHandler               0x080001b3   Thumb Code     0  startup_stm32f10x_md.o(.text)
    WWDG_IRQHandler                          0x080001b3   Thumb Code     0  startup_stm32f10x_md.o(.text)
    __aeabi_fadd                             0x080001bd   Thumb Code   164  fadd.o(.text)
    __aeabi_fsub                             0x08000261   Thumb Code     6  fadd.o(.text)
    __aeabi_frsub                            0x08000267   Thumb Code     6  fadd.o(.text)
    __aeabi_fmul                             0x0800026d   Thumb Code   100  fmul.o(.text)
    __aeabi_fdiv                             0x080002d1   Thumb Code   124  fdiv.o(.text)
    __aeabi_dadd                             0x0800034d   Thumb Code   322  dadd.o(.text)
    __aeabi_dsub                             0x0800048f   Thumb Code     6  dadd.o(.text)
    __aeabi_drsub                            0x08000495   Thumb Code     6  dadd.o(.text)
    __aeabi_dmul                             0x0800049b   Thumb Code   228  dmul.o(.text)
    __aeabi_ddiv                             0x0800057f   Thumb Code   222  ddiv.o(.text)
    __aeabi_i2f                              0x0800065d   Thumb Code    18  fflti.o(.text)
    __aeabi_ui2f                             0x0800066f   Thumb Code    10  ffltui.o(.text)
    __aeabi_i2d                              0x08000679   Thumb Code    34  dflti.o(.text)
    __aeabi_ui2d                             0x0800069b   Thumb Code    26  dfltui.o(.text)
    __aeabi_f2iz                             0x080006b5   Thumb Code    50  ffixi.o(.text)
    __aeabi_f2uiz                            0x080006e7   Thumb Code    40  ffixui.o(.text)
    __aeabi_d2iz                             0x0800070f   Thumb Code    62  dfixi.o(.text)
    __aeabi_d2uiz                            0x0800074d   Thumb Code    50  dfixui.o(.text)
    __aeabi_f2d                              0x0800077f   Thumb Code    38  f2d.o(.text)
    __aeabi_cdcmpeq                          0x080007a5   Thumb Code     0  cdcmple.o(.text)
    __aeabi_cdcmple                          0x080007a5   Thumb Code    48  cdcmple.o(.text)
    __aeabi_cdrcmple                         0x080007d5   Thumb Code    48  cdrcmple.o(.text)
    __aeabi_d2f                              0x08000805   Thumb Code    56  d2f.o(.text)
    __aeabi_cfcmpeq                          0x0800083d   Thumb Code     0  cfcmple.o(.text)
    __aeabi_cfcmple                          0x0800083d   Thumb Code    20  cfcmple.o(.text)
    __aeabi_cfrcmple                         0x08000851   Thumb Code    20  cfrcmple.o(.text)
    __aeabi_uidiv                            0x08000865   Thumb Code     0  uidiv.o(.text)
    __aeabi_uidivmod                         0x08000865   Thumb Code    44  uidiv.o(.text)
    __aeabi_uldivmod                         0x08000891   Thumb Code    98  uldiv.o(.text)
    __aeabi_llsl                             0x080008f3   Thumb Code    30  llshl.o(.text)
    _ll_shift_l                              0x080008f3   Thumb Code     0  llshl.o(.text)
    __aeabi_llsr                             0x08000911   Thumb Code    32  llushr.o(.text)
    _ll_ushift_r                             0x08000911   Thumb Code     0  llushr.o(.text)
    __aeabi_lasr                             0x08000931   Thumb Code    36  llsshr.o(.text)
    _ll_sshift_r                             0x08000931   Thumb Code     0  llsshr.o(.text)
    __I$use$fp                               0x08000955   Thumb Code     0  iusefp.o(.text)
    _float_round                             0x08000955   Thumb Code    18  fepilogue.o(.text)
    _float_epilogue                          0x08000967   Thumb Code    92  fepilogue.o(.text)
    _double_round                            0x080009c3   Thumb Code    30  depilogue.o(.text)
    _double_epilogue                         0x080009e1   Thumb Code   156  depilogue.o(.text)
    _drem                                    0x08000a7d   Thumb Code   134  drem.o(.text)
    __aeabi_d2ulz                            0x08000b03   Thumb Code    48  dfixul.o(.text)
    __scatterload                            0x08000b35   Thumb Code    28  init.o(.text)
    __scatterload_rt2                        0x08000b35   Thumb Code     0  init.o(.text)
    __ARM_scalbn                             0x08000b59   Thumb Code    46  dscalb.o(.text)
    scalbn                                   0x08000b59   Thumb Code     0  dscalb.o(.text)
    __decompress                             0x08000b87   Thumb Code     0  __dczerorl2.o(.text)
    __decompress1                            0x08000b87   Thumb Code    86  __dczerorl2.o(.text)
    AS5600_INIT                              0x08000bdd   Thumb Code    12  as5600.o(i.AS5600_INIT)
    BusFault_Handler                         0x08000be9   Thumb Code     4  stm32f10x_it.o(i.BusFault_Handler)
    DebugMon_Handler                         0x08000bed   Thumb Code     2  stm32f10x_it.o(i.DebugMon_Handler)
    EXTI0_IRQHandler                         0x08000bf1   Thumb Code    32  stm32f10x_it.o(i.EXTI0_IRQHandler)
    EXTI15_10_IRQHandler                     0x08000c15   Thumb Code    38  stm32f10x_it.o(i.EXTI15_10_IRQHandler)
    EXTI_ClearITPendingBit                   0x08000c41   Thumb Code     6  stm32f10x_exti.o(i.EXTI_ClearITPendingBit)
    EXTI_GetITStatus                         0x08000c4d   Thumb Code    34  stm32f10x_exti.o(i.EXTI_GetITStatus)
    FOC_INIT_ALL                             0x08000c75   Thumb Code   176  main.o(i.FOC_INIT_ALL)
    GPIO_Init                                0x08000da5   Thumb Code   278  stm32f10x_gpio.o(i.GPIO_Init)
    GPIO_ReadInputDataBit                    0x08000ebb   Thumb Code    18  stm32f10x_gpio.o(i.GPIO_ReadInputDataBit)
    GPIO_ResetBits                           0x08000ecd   Thumb Code     4  stm32f10x_gpio.o(i.GPIO_ResetBits)
    GPIO_SetBits                             0x08000ed1   Thumb Code     4  stm32f10x_gpio.o(i.GPIO_SetBits)
    GPIO_WriteBit                            0x08000ed5   Thumb Code    10  stm32f10x_gpio.o(i.GPIO_WriteBit)
    HardFault_Handler                        0x08000ee1   Thumb Code    10  stm32f10x_it.o(i.HardFault_Handler)
    LPF_velocity                             0x08000f45   Thumb Code    74  lowpass_filter.o(i.LPF_velocity)
    MagneticSensor_Init_soft                 0x08000fa5   Thumb Code    36  magneticsensor.o(i.MagneticSensor_Init_soft)
    MemManage_Handler                        0x08000fdd   Thumb Code     4  stm32f10x_it.o(i.MemManage_Handler)
    Motor_init                               0x08000fe1   Thumb Code    58  bldcmotor.o(i.Motor_init)
    Motor_initFOC                            0x08001051   Thumb Code    76  bldcmotor.o(i.Motor_initFOC)
    NMI_Handler                              0x080010b1   Thumb Code     2  stm32f10x_it.o(i.NMI_Handler)
    NVIC_Init                                0x080010d9   Thumb Code   100  misc.o(i.NVIC_Init)
    NVIC_PriorityGroupConfig                 0x08001149   Thumb Code    10  misc.o(i.NVIC_PriorityGroupConfig)
    OLED_Clear_C8T6                          0x0800115d   Thumb Code    42  oled_show.o(i.OLED_Clear_C8T6)
    OLED_I2C_Init_C8T6                       0x08001189   Thumb Code    76  oled_show.o(i.OLED_I2C_Init_C8T6)
    OLED_I2C_SendByte_C8T6                   0x080011d9   Thumb Code    88  oled_show.o(i.OLED_I2C_SendByte_C8T6)
    OLED_I2C_Start_C8T6                      0x08001235   Thumb Code    48  oled_show.o(i.OLED_I2C_Start_C8T6)
    OLED_I2C_Stop_C8T6                       0x08001269   Thumb Code    36  oled_show.o(i.OLED_I2C_Stop_C8T6)
    OLED_Init_C8T6                           0x08001291   Thumb Code   174  oled_show.o(i.OLED_Init_C8T6)
    OLED_Pow_C8T6                            0x0800133f   Thumb Code    20  oled_show.o(i.OLED_Pow_C8T6)
    OLED_SetCursor_C8T6                      0x08001353   Thumb Code    34  oled_show.o(i.OLED_SetCursor_C8T6)
    OLED_ShowChar_C8T6                       0x08001375   Thumb Code   110  oled_show.o(i.OLED_ShowChar_C8T6)
    OLED_ShowHexNum_C8T6                     0x080013e9   Thumb Code    84  oled_show.o(i.OLED_ShowHexNum_C8T6)
    OLED_ShowNum_C8T6                        0x0800143d   Thumb Code    68  oled_show.o(i.OLED_ShowNum_C8T6)
    OLED_WriteCommand_C8T6                   0x08001481   Thumb Code    32  oled_show.o(i.OLED_WriteCommand_C8T6)
    OLED_WriteData_C8T6                      0x080014a1   Thumb Code    32  oled_show.o(i.OLED_WriteData_C8T6)
    PID_angle                                0x080014c1   Thumb Code   234  focpid.o(i.PID_angle)
    PID_init                                 0x080015d1   Thumb Code    74  focpid.o(i.PID_init)
    PID_velocity                             0x08001655   Thumb Code   458  focpid.o(i.PID_velocity)
    RCC_APB1PeriphClockCmd                   0x08001851   Thumb Code    26  stm32f10x_rcc.o(i.RCC_APB1PeriphClockCmd)
    RCC_APB1PeriphResetCmd                   0x08001871   Thumb Code    26  stm32f10x_rcc.o(i.RCC_APB1PeriphResetCmd)
    RCC_APB2PeriphClockCmd                   0x08001891   Thumb Code    26  stm32f10x_rcc.o(i.RCC_APB2PeriphClockCmd)
    RCC_APB2PeriphResetCmd                   0x080018b1   Thumb Code    26  stm32f10x_rcc.o(i.RCC_APB2PeriphResetCmd)
    RCC_GetClocksFreq                        0x080018d1   Thumb Code   192  stm32f10x_rcc.o(i.RCC_GetClocksFreq)
    ROS_USART_TEST                           0x080019a5   Thumb Code    36  mbotlinuxusart.o(i.ROS_USART_TEST)
    SysTick_Computation_timeBegin            0x08001ac1   Thumb Code    18  systick.o(i.SysTick_Computation_timeBegin)
    SysTick_Handler                          0x08001ad9   Thumb Code    16  delay.o(i.SysTick_Handler)
    SystemInit                               0x08001ae9   Thumb Code    78  system_stm32f10x.o(i.SystemInit)
    TIM2_IRQHandler                          0x08001b49   Thumb Code    32  stm32f10x_it.o(i.TIM2_IRQHandler)
    TIM2_PWM_Init                            0x08001b6d   Thumb Code   186  timer.o(i.TIM2_PWM_Init)
    TIM3_IRQHandler                          0x08001c2d   Thumb Code    28  stm32f10x_it.o(i.TIM3_IRQHandler)
    TIM4_IRQHandler                          0x08001c4d   Thumb Code    32  freertos_timer.o(i.TIM4_IRQHandler)
    TIM_ARRPreloadConfig                     0x08001c75   Thumb Code    24  stm32f10x_tim.o(i.TIM_ARRPreloadConfig)
    TIM_ClearITPendingBit                    0x08001c8d   Thumb Code     6  stm32f10x_tim.o(i.TIM_ClearITPendingBit)
    TIM_Cmd                                  0x08001c93   Thumb Code    24  stm32f10x_tim.o(i.TIM_Cmd)
    TIM_DeInit                               0x08001cad   Thumb Code   424  stm32f10x_tim.o(i.TIM_DeInit)
    TIM_GetITStatus                          0x08001e95   Thumb Code    34  stm32f10x_tim.o(i.TIM_GetITStatus)
    TIM_OC2Init                              0x08001eb9   Thumb Code   154  stm32f10x_tim.o(i.TIM_OC2Init)
    TIM_OC2PreloadConfig                     0x08001f5d   Thumb Code    26  stm32f10x_tim.o(i.TIM_OC2PreloadConfig)
    TIM_OC3Init                              0x08001f79   Thumb Code   150  stm32f10x_tim.o(i.TIM_OC3Init)
    TIM_OC3PreloadConfig                     0x08002019   Thumb Code    18  stm32f10x_tim.o(i.TIM_OC3PreloadConfig)
    TIM_OC4Init                              0x0800202d   Thumb Code   114  stm32f10x_tim.o(i.TIM_OC4Init)
    TIM_OC4PreloadConfig                     0x080020a9   Thumb Code    26  stm32f10x_tim.o(i.TIM_OC4PreloadConfig)
    TIM_SetCompare2                          0x080020c3   Thumb Code     4  stm32f10x_tim.o(i.TIM_SetCompare2)
    TIM_SetCompare3                          0x080020c7   Thumb Code     4  stm32f10x_tim.o(i.TIM_SetCompare3)
    TIM_SetCompare4                          0x080020cb   Thumb Code     6  stm32f10x_tim.o(i.TIM_SetCompare4)
    TIM_TimeBaseInit                         0x080020d1   Thumb Code   122  stm32f10x_tim.o(i.TIM_TimeBaseInit)
    USART1_IRQHandler                        0x08002175   Thumb Code    36  stm32f10x_it.o(i.USART1_IRQHandler)
    USART3_IRQHandler                        0x080021a9   Thumb Code   178  bluetooth.o(i.USART3_IRQHandler)
    USART_ClearITPendingBit                  0x080022a9   Thumb Code    30  stm32f10x_usart.o(i.USART_ClearITPendingBit)
    USART_Cmd                                0x080022c7   Thumb Code    24  stm32f10x_usart.o(i.USART_Cmd)
    USART_Config                             0x080022e1   Thumb Code   136  usart.o(i.USART_Config)
    USART_GetFlagStatus                      0x08002371   Thumb Code    26  stm32f10x_usart.o(i.USART_GetFlagStatus)
    USART_GetITStatus                        0x0800238b   Thumb Code    84  stm32f10x_usart.o(i.USART_GetITStatus)
    USART_ITConfig                           0x080023df   Thumb Code    74  stm32f10x_usart.o(i.USART_ITConfig)
    USART_Init                               0x08002429   Thumb Code   210  stm32f10x_usart.o(i.USART_Init)
    USART_ReceiveData                        0x08002501   Thumb Code    10  stm32f10x_usart.o(i.USART_ReceiveData)
    USART_SendData                           0x0800250b   Thumb Code     8  stm32f10x_usart.o(i.USART_SendData)
    USART_Send_String                        0x08002515   Thumb Code    52  mbotlinuxusart.o(i.USART_Send_String)
    UsageFault_Handler                       0x08002551   Thumb Code     4  stm32f10x_it.o(i.UsageFault_Handler)
    Usart_SendStr                            0x08002555   Thumb Code    44  usart.o(i.Usart_SendStr)
    __0printf                                0x08002581   Thumb Code    22  printfa.o(i.__0printf)
    __1printf                                0x08002581   Thumb Code     0  printfa.o(i.__0printf)
    __2printf                                0x08002581   Thumb Code     0  printfa.o(i.__0printf)
    __c89printf                              0x08002581   Thumb Code     0  printfa.o(i.__0printf)
    printf                                   0x08002581   Thumb Code     0  printfa.o(i.__0printf)
    __ARM_fpclassify                         0x080025a1   Thumb Code    40  fpclassify.o(i.__ARM_fpclassify)
    __kernel_poly                            0x080025c9   Thumb Code   170  poly.o(i.__kernel_poly)
    __mathlib_dbl_infnan                     0x08002673   Thumb Code     6  dunder.o(i.__mathlib_dbl_infnan)
    __mathlib_dbl_infnan2                    0x08002679   Thumb Code     4  dunder.o(i.__mathlib_dbl_infnan2)
    __mathlib_dbl_invalid                    0x0800267d   Thumb Code    12  dunder.o(i.__mathlib_dbl_invalid)
    __mathlib_dbl_underflow                  0x08002689   Thumb Code    10  dunder.o(i.__mathlib_dbl_underflow)
    __scatterload_copy                       0x08002699   Thumb Code    14  handlers.o(i.__scatterload_copy)
    __scatterload_null                       0x080026a7   Thumb Code     2  handlers.o(i.__scatterload_null)
    __scatterload_zeroinit                   0x080026a9   Thumb Code    14  handlers.o(i.__scatterload_zeroinit)
    __set_errno                              0x080026b9   Thumb Code     6  errno.o(i.__set_errno)
    _electricalAngle                         0x080026c5   Thumb Code    22  foc_utils.o(i._electricalAngle)
    _normalizeAngle                          0x08002861   Thumb Code    74  foc_utils.o(i._normalizeAngle)
    _sin                                     0x08002fe5   Thumb Code   612  foc_utils.o(i._sin)
    _sqrtApprox                              0x0800327d   Thumb Code    26  foc_utils.o(i._sqrtApprox)
    alignSensor                              0x0800329d   Thumb Code   590  bldcmotor.o(i.alignSensor)
    angleOpenloop                            0x08003625   Thumb Code   334  bldcmotor.o(i.angleOpenloop)
    atan                                     0x0800379d   Thumb Code   474  atan.o(i.atan)
    atan2                                    0x080039bd   Thumb Code   346  atan2.o(i.atan2)
    delay_ms                                 0x08003b3d   Thumb Code    24  delay.o(i.delay_ms)
    delay_us                                 0x08003b55   Thumb Code    68  delay.o(i.delay_us)
    electricalAngle                          0x08003b9d   Thumb Code    56  focmotor.o(i.electricalAngle)
    fmod                                     0x08003be5   Thumb Code   144  fmod.o(i.fmod)
    fputc                                    0x08003c79   Thumb Code    32  usart.o(i.fputc)
    getAngle_soft                            0x08003c9d   Thumb Code   216  magneticsensor.o(i.getAngle_soft)
    getCrc8                                  0x08003d99   Thumb Code    56  mbotlinuxusart.o(i.getCrc8)
    getVelocity                              0x08003dd1   Thumb Code   186  magneticsensor.o(i.getVelocity)
    i2c_Ack                                  0x08003ea9   Thumb Code    42  iic.o(i.i2c_Ack)
    i2c_CfgGpio                              0x08003ed3   Thumb Code    58  iic.o(i.i2c_CfgGpio)
    i2c_NAck                                 0x08003f1b   Thumb Code    36  iic.o(i.i2c_NAck)
    i2c_ReadByte                             0x08003f3f   Thumb Code    80  iic.o(i.i2c_ReadByte)
    i2c_SendByte                             0x08003f8f   Thumb Code    78  iic.o(i.i2c_SendByte)
    i2c_Start                                0x08003fdd   Thumb Code    42  iic.o(i.i2c_Start)
    i2c_Stop                                 0x08004007   Thumb Code    28  iic.o(i.i2c_Stop)
    i2c_WaitAck                              0x08004023   Thumb Code    52  iic.o(i.i2c_WaitAck)
    loopFOC                                  0x08004059   Thumb Code    90  bldcmotor.o(i.loopFOC)
    main                                     0x080040ed   Thumb Code    60  main.o(i.main)
    move                                     0x08004139   Thumb Code   210  bldcmotor.o(i.move)
    noAS5600_ReadRawAngleTwo                 0x0800422d   Thumb Code   116  as5600.o(i.noAS5600_ReadRawAngleTwo)
    setPhaseVoltage                          0x080042d1   Thumb Code  1012  bldcmotor.o(i.setPhaseVoltage)
    shaftAngle                               0x080046fd   Thumb Code    46  focmotor.o(i.shaftAngle)
    shaftVelocity                            0x08004735   Thumb Code    40  focmotor.o(i.shaftVelocity)
    usartReceiveOneData                      0x08004761   Thumb Code   424  mbotlinuxusart.o(i.usartReceiveOneData)
    usartSendData                            0x08004959   Thumb Code   156  mbotlinuxusart.o(i.usartSendData)
    vTaskSwitchContext                       0x08004a09   Thumb Code   110  tasks.o(i.vTaskSwitchContext)
    velocityOpenloop                         0x08004ab5   Thumb Code   212  bldcmotor.o(i.velocityOpenloop)
    xPortSysTickHandler                      0x08004bad   Thumb Code    46  port.o(i.xPortSysTickHandler)
    xTaskGetSchedulerState                   0x08004be1   Thumb Code    24  tasks.o(i.xTaskGetSchedulerState)
    xTaskIncrementTick                       0x08004c01   Thumb Code   388  tasks.o(i.xTaskIncrementTick)
    header                                   0x08004dd8   Data           2  mbotlinuxusart.o(.constdata)
    ender                                    0x08004dda   Data           2  mbotlinuxusart.o(.constdata)
    F6x8                                     0x08004ddc   Data         552  oled_show.o(.constdata)
    F8X16                                    0x08005004   Data        1520  oled_show.o(.constdata)
    OLED_F8x16                               0x080055f4   Data        1520  oled_show.o(.constdata)
    sine_array                               0x08005be4   Data         800  foc_utils.o(.constdata)
    __mathlib_zero                           0x08005fa0   Data           8  qnan.o(.constdata)
    Region$$Table$$Base                      0x08005fa8   Number         0  anon$$obj.o(Region$$Table)
    Region$$Table$$Limit                     0x08005fc8   Number         0  anon$$obj.o(Region$$Table)
    base_time                                0x20000014   Data           2  main.o(.data)
    general_time                             0x20000016   Data           2  main.o(.data)
    IDd                                      0x20000018   Data           1  main.o(.data)
    target                                   0x2000001c   Data           4  main.o(.data)
    FreeRTOSRunTimeTicks                     0x20000024   Data           4  freertos_timer.o(.data)
    hi2c                                     0x20000028   Data          20  iic.o(.data)
    OLED_iic                                 0x2000003c   Data           4  iic.o(.data)
    Mhi2c                                    0x20000040   Data          20  iic.o(.data)
    MPU6050_iic                              0x20000054   Data           4  iic.o(.data)
    Ahi2cL                                   0x20000058   Data          20  iic.o(.data)
    AS5600_iicLeft                           0x2000006c   Data           4  iic.o(.data)
    Ahi2cR                                   0x20000070   Data          20  iic.o(.data)
    AS5600_iicRight                          0x20000084   Data           4  iic.o(.data)
    testSend1                                0x20000088   Data           2  mbotlinuxusart.o(.data)
    testSend2                                0x2000008a   Data           2  mbotlinuxusart.o(.data)
    testSend3                                0x2000008c   Data           2  mbotlinuxusart.o(.data)
    testSend4                                0x2000008e   Data           1  mbotlinuxusart.o(.data)
    testRece1                                0x20000090   Data           4  mbotlinuxusart.o(.data)
    testRece2                                0x20000094   Data           4  mbotlinuxusart.o(.data)
    testRece3                                0x20000098   Data           1  mbotlinuxusart.o(.data)
    leftVelNow                               0x2000009a   Data           2  mbotlinuxusart.o(.data)
    rightVelNow                              0x2000009c   Data           2  mbotlinuxusart.o(.data)
    angleNow                                 0x2000009e   Data           2  mbotlinuxusart.o(.data)
    leftVelSet                               0x200000a0   Data           2  mbotlinuxusart.o(.data)
    rightVelSet                              0x200000a2   Data           2  mbotlinuxusart.o(.data)
    Usart3_Receive                           0x200000b4   Data           1  bluetooth.o(.data)
    C_Kp_site                                0x200000b8   Data           4  bluetooth.o(.data)
    C_Ki_site                                0x200000bc   Data           4  bluetooth.o(.data)
    C_Kd_site                                0x200000c0   Data           4  bluetooth.o(.data)
    pxCurrentTCB                             0x200000c4   Data           4  tasks.o(.data)
    uxTopUsedPriority                        0x200000fc   Data           4  tasks.o(.data)
    sensor_direction                         0x20000104   Data           4  bldcmotor.o(.data)
    voltage_power_supply                     0x20000108   Data           4  bldcmotor.o(.data)
    voltage_limit                            0x2000010c   Data           4  bldcmotor.o(.data)
    voltage_sensor_align                     0x20000110   Data           4  bldcmotor.o(.data)
    pole_pairs                               0x20000114   Data           4  bldcmotor.o(.data)
    open_loop_timestamp                      0x20000118   Data           4  bldcmotor.o(.data)
    velocity_limit                           0x2000011c   Data           4  bldcmotor.o(.data)
    shaft_angle                              0x20000120   Data           4  focmotor.o(.data)
    electrical_angle                         0x20000124   Data           4  focmotor.o(.data)
    shaft_velocity                           0x20000128   Data           4  focmotor.o(.data)
    current_sp                               0x2000012c   Data           4  focmotor.o(.data)
    shaft_velocity_sp                        0x20000130   Data           4  focmotor.o(.data)
    shaft_angle_sp                           0x20000134   Data           4  focmotor.o(.data)
    voltage                                  0x20000138   Data           8  focmotor.o(.data)
    current                                  0x20000140   Data           8  focmotor.o(.data)
    torque_controller                        0x20000148   Data           1  focmotor.o(.data)
    controller                               0x20000149   Data           1  focmotor.o(.data)
    sensor_offset                            0x2000014c   Data           4  focmotor.o(.data)
    zero_electric_angle                      0x20000150   Data           4  focmotor.o(.data)
    y_vel_prev                               0x20000154   Data           4  lowpass_filter.o(.data)
    cpr                                      0x20000158   Data           4  magneticsensor.o(.data)
    full_rotation_offset                     0x2000015c   Data           4  magneticsensor.o(.data)
    angle_data_prev                          0x20000160   Data           4  magneticsensor.o(.data)
    velocity_calc_timestamp                  0x20000164   Data           4  magneticsensor.o(.data)
    angle_prev                               0x20000168   Data           4  magneticsensor.o(.data)
    pid_vel_P                                0x2000016c   Data           4  focpid.o(.data)
    pid_ang_P                                0x20000170   Data           4  focpid.o(.data)
    pid_vel_I                                0x20000174   Data           4  focpid.o(.data)
    pid_ang_D                                0x20000178   Data           4  focpid.o(.data)
    integral_vel_prev                        0x2000017c   Data           4  focpid.o(.data)
    error_vel_prev                           0x20000180   Data           4  focpid.o(.data)
    error_ang_prev                           0x20000184   Data           4  focpid.o(.data)
    output_vel_ramp                          0x20000188   Data           4  focpid.o(.data)
    output_vel_prev                          0x2000018c   Data           4  focpid.o(.data)
    pid_vel_timestamp                        0x20000190   Data           4  focpid.o(.data)
    pid_ang_timestamp                        0x20000194   Data           4  focpid.o(.data)
    __stdout                                 0x20000198   Data           4  stdout.o(.data)
    receiveBuff                              0x200001a0   Data          16  mbotlinuxusart.o(.bss)
    __initial_sp                             0x20000898   Data           0  startup_stm32f10x_md.o(STACK)



==============================================================================

Memory Map of the image

  Image Entry point : 0x080000ed

  Load Region LR_IROM1 (Base: 0x08000000, Size: 0x00006168, Max: 0x00010000, ABSOLUTE, COMPRESSED[0x00006024])

    Execution Region ER_IROM1 (Exec base: 0x08000000, Load base: 0x08000000, Size: 0x00005fc8, Max: 0x00010000, ABSOLUTE)

    Exec Addr    Load Addr    Size         Type   Attr      Idx    E Section Name        Object

    0x08000000   0x08000000   0x000000ec   Data   RO            3    RESET               startup_stm32f10x_md.o
    0x080000ec   0x080000ec   0x00000000   Code   RO         6142  * .ARM.Collect$$$$00000000  mc_w.l(entry.o)
    0x080000ec   0x080000ec   0x00000004   Code   RO         6497    .ARM.Collect$$$$00000001  mc_w.l(entry2.o)
    0x080000f0   0x080000f0   0x00000004   Code   RO         6500    .ARM.Collect$$$$00000004  mc_w.l(entry5.o)
    0x080000f4   0x080000f4   0x00000000   Code   RO         6502    .ARM.Collect$$$$00000008  mc_w.l(entry7b.o)
    0x080000f4   0x080000f4   0x00000000   Code   RO         6504    .ARM.Collect$$$$0000000A  mc_w.l(entry8b.o)
    0x080000f4   0x080000f4   0x00000008   Code   RO         6505    .ARM.Collect$$$$0000000B  mc_w.l(entry9a.o)
    0x080000fc   0x080000fc   0x00000000   Code   RO         6507    .ARM.Collect$$$$0000000D  mc_w.l(entry10a.o)
    0x080000fc   0x080000fc   0x00000000   Code   RO         6509    .ARM.Collect$$$$0000000F  mc_w.l(entry11a.o)
    0x080000fc   0x080000fc   0x00000004   Code   RO         6498    .ARM.Collect$$$$00002712  mc_w.l(entry2.o)
    0x08000100   0x08000100   0x00000096   Code   RO         5720    .emb_text           port.o
    0x08000196   0x08000196   0x00000002   PAD
    0x08000198   0x08000198   0x00000024   Code   RO            4    .text               startup_stm32f10x_md.o
    0x080001bc   0x080001bc   0x000000b0   Code   RO         6418    .text               mf_w.l(fadd.o)
    0x0800026c   0x0800026c   0x00000064   Code   RO         6420    .text               mf_w.l(fmul.o)
    0x080002d0   0x080002d0   0x0000007c   Code   RO         6422    .text               mf_w.l(fdiv.o)
    0x0800034c   0x0800034c   0x0000014e   Code   RO         6424    .text               mf_w.l(dadd.o)
    0x0800049a   0x0800049a   0x000000e4   Code   RO         6426    .text               mf_w.l(dmul.o)
    0x0800057e   0x0800057e   0x000000de   Code   RO         6428    .text               mf_w.l(ddiv.o)
    0x0800065c   0x0800065c   0x00000012   Code   RO         6430    .text               mf_w.l(fflti.o)
    0x0800066e   0x0800066e   0x0000000a   Code   RO         6432    .text               mf_w.l(ffltui.o)
    0x08000678   0x08000678   0x00000022   Code   RO         6434    .text               mf_w.l(dflti.o)
    0x0800069a   0x0800069a   0x0000001a   Code   RO         6436    .text               mf_w.l(dfltui.o)
    0x080006b4   0x080006b4   0x00000032   Code   RO         6438    .text               mf_w.l(ffixi.o)
    0x080006e6   0x080006e6   0x00000028   Code   RO         6440    .text               mf_w.l(ffixui.o)
    0x0800070e   0x0800070e   0x0000003e   Code   RO         6442    .text               mf_w.l(dfixi.o)
    0x0800074c   0x0800074c   0x00000032   Code   RO         6444    .text               mf_w.l(dfixui.o)
    0x0800077e   0x0800077e   0x00000026   Code   RO         6446    .text               mf_w.l(f2d.o)
    0x080007a4   0x080007a4   0x00000030   Code   RO         6448    .text               mf_w.l(cdcmple.o)
    0x080007d4   0x080007d4   0x00000030   Code   RO         6450    .text               mf_w.l(cdrcmple.o)
    0x08000804   0x08000804   0x00000038   Code   RO         6452    .text               mf_w.l(d2f.o)
    0x0800083c   0x0800083c   0x00000014   Code   RO         6454    .text               mf_w.l(cfcmple.o)
    0x08000850   0x08000850   0x00000014   Code   RO         6456    .text               mf_w.l(cfrcmple.o)
    0x08000864   0x08000864   0x0000002c   Code   RO         6512    .text               mc_w.l(uidiv.o)
    0x08000890   0x08000890   0x00000062   Code   RO         6514    .text               mc_w.l(uldiv.o)
    0x080008f2   0x080008f2   0x0000001e   Code   RO         6516    .text               mc_w.l(llshl.o)
    0x08000910   0x08000910   0x00000020   Code   RO         6518    .text               mc_w.l(llushr.o)
    0x08000930   0x08000930   0x00000024   Code   RO         6520    .text               mc_w.l(llsshr.o)
    0x08000954   0x08000954   0x00000000   Code   RO         6529    .text               mc_w.l(iusefp.o)
    0x08000954   0x08000954   0x0000006e   Code   RO         6530    .text               mf_w.l(fepilogue.o)
    0x080009c2   0x080009c2   0x000000ba   Code   RO         6532    .text               mf_w.l(depilogue.o)
    0x08000a7c   0x08000a7c   0x00000086   Code   RO         6536    .text               mf_w.l(drem.o)
    0x08000b02   0x08000b02   0x00000030   Code   RO         6538    .text               mf_w.l(dfixul.o)
    0x08000b32   0x08000b32   0x00000002   PAD
    0x08000b34   0x08000b34   0x00000024   Code   RO         6544    .text               mc_w.l(init.o)
    0x08000b58   0x08000b58   0x0000002e   Code   RO         6546    .text               mf_w.l(dscalb.o)
    0x08000b86   0x08000b86   0x00000056   Code   RO         6556    .text               mc_w.l(__dczerorl2.o)
    0x08000bdc   0x08000bdc   0x0000000c   Code   RO         3916    i.AS5600_INIT       as5600.o
    0x08000be8   0x08000be8   0x00000004   Code   RO         3296    i.BusFault_Handler  stm32f10x_it.o
    0x08000bec   0x08000bec   0x00000002   Code   RO         3297    i.DebugMon_Handler  stm32f10x_it.o
    0x08000bee   0x08000bee   0x00000002   PAD
    0x08000bf0   0x08000bf0   0x00000024   Code   RO         3298    i.EXTI0_IRQHandler  stm32f10x_it.o
    0x08000c14   0x08000c14   0x0000002c   Code   RO         3299    i.EXTI15_10_IRQHandler  stm32f10x_it.o
    0x08000c40   0x08000c40   0x0000000c   Code   RO          939    i.EXTI_ClearITPendingBit  stm32f10x_exti.o
    0x08000c4c   0x08000c4c   0x00000028   Code   RO          943    i.EXTI_GetITStatus  stm32f10x_exti.o
    0x08000c74   0x08000c74   0x00000100   Code   RO         3108    i.FOC_INIT_ALL      main.o
    0x08000d74   0x08000d74   0x00000030   Code   RO         5865    i.GPIO_Config       bldcmotor.o
    0x08000da4   0x08000da4   0x00000116   Code   RO         1292    i.GPIO_Init         stm32f10x_gpio.o
    0x08000eba   0x08000eba   0x00000012   Code   RO         1296    i.GPIO_ReadInputDataBit  stm32f10x_gpio.o
    0x08000ecc   0x08000ecc   0x00000004   Code   RO         1299    i.GPIO_ResetBits    stm32f10x_gpio.o
    0x08000ed0   0x08000ed0   0x00000004   Code   RO         1300    i.GPIO_SetBits      stm32f10x_gpio.o
    0x08000ed4   0x08000ed4   0x0000000a   Code   RO         1303    i.GPIO_WriteBit     stm32f10x_gpio.o
    0x08000ede   0x08000ede   0x00000002   PAD
    0x08000ee0   0x08000ee0   0x0000001c   Code   RO         3300    i.HardFault_Handler  stm32f10x_it.o
    0x08000efc   0x08000efc   0x0000000e   Code   RO         3719    i.I2C_SCL_0         iic.o
    0x08000f0a   0x08000f0a   0x0000000e   Code   RO         3720    i.I2C_SCL_1         iic.o
    0x08000f18   0x08000f18   0x0000000e   Code   RO         3721    i.I2C_SDA_0         iic.o
    0x08000f26   0x08000f26   0x0000000e   Code   RO         3722    i.I2C_SDA_1         iic.o
    0x08000f34   0x08000f34   0x0000000e   Code   RO         3723    i.I2C_SDA_READ      iic.o
    0x08000f42   0x08000f42   0x00000002   PAD
    0x08000f44   0x08000f44   0x00000060   Code   RO         6000    i.LPF_velocity      lowpass_filter.o
    0x08000fa4   0x08000fa4   0x00000038   Code   RO         6017    i.MagneticSensor_Init_soft  magneticsensor.o
    0x08000fdc   0x08000fdc   0x00000004   Code   RO         3301    i.MemManage_Handler  stm32f10x_it.o
    0x08000fe0   0x08000fe0   0x00000070   Code   RO         5866    i.Motor_init        bldcmotor.o
    0x08001050   0x08001050   0x00000060   Code   RO         5867    i.Motor_initFOC     bldcmotor.o
    0x080010b0   0x080010b0   0x00000002   Code   RO         3302    i.NMI_Handler       stm32f10x_it.o
    0x080010b2   0x080010b2   0x00000026   Code   RO         3637    i.NVIC_Configuration  usart.o
    0x080010d8   0x080010d8   0x00000070   Code   RO          137    i.NVIC_Init         misc.o
    0x08001148   0x08001148   0x00000014   Code   RO          138    i.NVIC_PriorityGroupConfig  misc.o
    0x0800115c   0x0800115c   0x0000002a   Code   RO         3967    i.OLED_Clear_C8T6   oled_show.o
    0x08001186   0x08001186   0x00000002   PAD
    0x08001188   0x08001188   0x00000050   Code   RO         3970    i.OLED_I2C_Init_C8T6  oled_show.o
    0x080011d8   0x080011d8   0x0000005c   Code   RO         3971    i.OLED_I2C_SendByte_C8T6  oled_show.o
    0x08001234   0x08001234   0x00000034   Code   RO         3972    i.OLED_I2C_Start_C8T6  oled_show.o
    0x08001268   0x08001268   0x00000028   Code   RO         3973    i.OLED_I2C_Stop_C8T6  oled_show.o
    0x08001290   0x08001290   0x000000ae   Code   RO         3975    i.OLED_Init_C8T6    oled_show.o
    0x0800133e   0x0800133e   0x00000014   Code   RO         3979    i.OLED_Pow_C8T6     oled_show.o
    0x08001352   0x08001352   0x00000022   Code   RO         3982    i.OLED_SetCursor_C8T6  oled_show.o
    0x08001374   0x08001374   0x00000074   Code   RO         3988    i.OLED_ShowChar_C8T6  oled_show.o
    0x080013e8   0x080013e8   0x00000054   Code   RO         3993    i.OLED_ShowHexNum_C8T6  oled_show.o
    0x0800143c   0x0800143c   0x00000044   Code   RO         3995    i.OLED_ShowNum_C8T6  oled_show.o
    0x08001480   0x08001480   0x00000020   Code   RO         4001    i.OLED_WriteCommand_C8T6  oled_show.o
    0x080014a0   0x080014a0   0x00000020   Code   RO         4002    i.OLED_WriteData_C8T6  oled_show.o
    0x080014c0   0x080014c0   0x00000110   Code   RO         6075    i.PID_angle         focpid.o
    0x080015d0   0x080015d0   0x00000084   Code   RO         6076    i.PID_init          focpid.o
    0x08001654   0x08001654   0x000001fc   Code   RO         6077    i.PID_velocity      focpid.o
    0x08001850   0x08001850   0x00000020   Code   RO         1708    i.RCC_APB1PeriphClockCmd  stm32f10x_rcc.o
    0x08001870   0x08001870   0x00000020   Code   RO         1709    i.RCC_APB1PeriphResetCmd  stm32f10x_rcc.o
    0x08001890   0x08001890   0x00000020   Code   RO         1710    i.RCC_APB2PeriphClockCmd  stm32f10x_rcc.o
    0x080018b0   0x080018b0   0x00000020   Code   RO         1711    i.RCC_APB2PeriphResetCmd  stm32f10x_rcc.o
    0x080018d0   0x080018d0   0x000000d4   Code   RO         1718    i.RCC_GetClocksFreq  stm32f10x_rcc.o
    0x080019a4   0x080019a4   0x00000034   Code   RO         3872    i.ROS_USART_TEST    mbotlinuxusart.o
    0x080019d8   0x080019d8   0x00000008   Code   RO           24    i.SetSysClock       system_stm32f10x.o
    0x080019e0   0x080019e0   0x000000e0   Code   RO           25    i.SetSysClockTo72   system_stm32f10x.o
    0x08001ac0   0x08001ac0   0x00000018   Code   RO         3428    i.SysTick_Computation_timeBegin  systick.o
    0x08001ad8   0x08001ad8   0x00000010   Code   RO         3532    i.SysTick_Handler   delay.o
    0x08001ae8   0x08001ae8   0x00000060   Code   RO           27    i.SystemInit        system_stm32f10x.o
    0x08001b48   0x08001b48   0x00000024   Code   RO         3303    i.TIM2_IRQHandler   stm32f10x_it.o
    0x08001b6c   0x08001b6c   0x000000c0   Code   RO         3479    i.TIM2_PWM_Init     timer.o
    0x08001c2c   0x08001c2c   0x00000020   Code   RO         3304    i.TIM3_IRQHandler   stm32f10x_it.o
    0x08001c4c   0x08001c4c   0x00000028   Code   RO         3596    i.TIM4_IRQHandler   freertos_timer.o
    0x08001c74   0x08001c74   0x00000018   Code   RO         2330    i.TIM_ARRPreloadConfig  stm32f10x_tim.o
    0x08001c8c   0x08001c8c   0x00000006   Code   RO         2337    i.TIM_ClearITPendingBit  stm32f10x_tim.o
    0x08001c92   0x08001c92   0x00000018   Code   RO         2342    i.TIM_Cmd           stm32f10x_tim.o
    0x08001caa   0x08001caa   0x00000002   PAD
    0x08001cac   0x08001cac   0x000001e8   Code   RO         2347    i.TIM_DeInit        stm32f10x_tim.o
    0x08001e94   0x08001e94   0x00000022   Code   RO         2363    i.TIM_GetITStatus   stm32f10x_tim.o
    0x08001eb6   0x08001eb6   0x00000002   PAD
    0x08001eb8   0x08001eb8   0x000000a4   Code   RO         2376    i.TIM_OC2Init       stm32f10x_tim.o
    0x08001f5c   0x08001f5c   0x0000001a   Code   RO         2379    i.TIM_OC2PreloadConfig  stm32f10x_tim.o
    0x08001f76   0x08001f76   0x00000002   PAD
    0x08001f78   0x08001f78   0x000000a0   Code   RO         2381    i.TIM_OC3Init       stm32f10x_tim.o
    0x08002018   0x08002018   0x00000012   Code   RO         2384    i.TIM_OC3PreloadConfig  stm32f10x_tim.o
    0x0800202a   0x0800202a   0x00000002   PAD
    0x0800202c   0x0800202c   0x0000007c   Code   RO         2386    i.TIM_OC4Init       stm32f10x_tim.o
    0x080020a8   0x080020a8   0x0000001a   Code   RO         2388    i.TIM_OC4PreloadConfig  stm32f10x_tim.o
    0x080020c2   0x080020c2   0x00000004   Code   RO         2404    i.TIM_SetCompare2   stm32f10x_tim.o
    0x080020c6   0x080020c6   0x00000004   Code   RO         2405    i.TIM_SetCompare3   stm32f10x_tim.o
    0x080020ca   0x080020ca   0x00000006   Code   RO         2406    i.TIM_SetCompare4   stm32f10x_tim.o
    0x080020d0   0x080020d0   0x000000a4   Code   RO         2413    i.TIM_TimeBaseInit  stm32f10x_tim.o
    0x08002174   0x08002174   0x00000034   Code   RO         3305    i.USART1_IRQHandler  stm32f10x_it.o
    0x080021a8   0x080021a8   0x00000100   Code   RO         4281    i.USART3_IRQHandler  bluetooth.o
    0x080022a8   0x080022a8   0x0000001e   Code   RO         2875    i.USART_ClearITPendingBit  stm32f10x_usart.o
    0x080022c6   0x080022c6   0x00000018   Code   RO         2878    i.USART_Cmd         stm32f10x_usart.o
    0x080022de   0x080022de   0x00000002   PAD
    0x080022e0   0x080022e0   0x00000090   Code   RO         3638    i.USART_Config      usart.o
    0x08002370   0x08002370   0x0000001a   Code   RO         2881    i.USART_GetFlagStatus  stm32f10x_usart.o
    0x0800238a   0x0800238a   0x00000054   Code   RO         2882    i.USART_GetITStatus  stm32f10x_usart.o
    0x080023de   0x080023de   0x0000004a   Code   RO         2884    i.USART_ITConfig    stm32f10x_usart.o
    0x08002428   0x08002428   0x000000d8   Code   RO         2885    i.USART_Init        stm32f10x_usart.o
    0x08002500   0x08002500   0x0000000a   Code   RO         2892    i.USART_ReceiveData  stm32f10x_usart.o
    0x0800250a   0x0800250a   0x00000008   Code   RO         2895    i.USART_SendData    stm32f10x_usart.o
    0x08002512   0x08002512   0x00000002   PAD
    0x08002514   0x08002514   0x0000003c   Code   RO         3873    i.USART_Send_String  mbotlinuxusart.o
    0x08002550   0x08002550   0x00000004   Code   RO         3306    i.UsageFault_Handler  stm32f10x_it.o
    0x08002554   0x08002554   0x0000002c   Code   RO         3642    i.Usart_SendStr     usart.o
    0x08002580   0x08002580   0x00000020   Code   RO         6390    i.__0printf         mc_w.l(printfa.o)
    0x080025a0   0x080025a0   0x00000028   Code   RO         6540    i.__ARM_fpclassify  m_ws.l(fpclassify.o)
    0x080025c8   0x080025c8   0x000000aa   Code   RO         6542    i.__kernel_poly     m_ws.l(poly.o)
    0x08002672   0x08002672   0x00000006   Code   RO         6472    i.__mathlib_dbl_infnan  m_ws.l(dunder.o)
    0x08002678   0x08002678   0x00000004   Code   RO         6473    i.__mathlib_dbl_infnan2  m_ws.l(dunder.o)
    0x0800267c   0x0800267c   0x0000000c   Code   RO         6474    i.__mathlib_dbl_invalid  m_ws.l(dunder.o)
    0x08002688   0x08002688   0x00000010   Code   RO         6477    i.__mathlib_dbl_underflow  m_ws.l(dunder.o)
    0x08002698   0x08002698   0x0000000e   Code   RO         6550    i.__scatterload_copy  mc_w.l(handlers.o)
    0x080026a6   0x080026a6   0x00000002   Code   RO         6551    i.__scatterload_null  mc_w.l(handlers.o)
    0x080026a8   0x080026a8   0x0000000e   Code   RO         6552    i.__scatterload_zeroinit  mc_w.l(handlers.o)
    0x080026b6   0x080026b6   0x00000002   PAD
    0x080026b8   0x080026b8   0x0000000c   Code   RO         6524    i.__set_errno       mc_w.l(errno.o)
    0x080026c4   0x080026c4   0x00000016   Code   RO         5932    i._electricalAngle  foc_utils.o
    0x080026da   0x080026da   0x00000002   PAD
    0x080026dc   0x080026dc   0x00000184   Code   RO         6397    i._fp_digits        mc_w.l(printfa.o)
    0x08002860   0x08002860   0x00000054   Code   RO         5933    i._normalizeAngle   foc_utils.o
    0x080028b4   0x080028b4   0x000006dc   Code   RO         6398    i._printf_core      mc_w.l(printfa.o)
    0x08002f90   0x08002f90   0x00000024   Code   RO         6399    i._printf_post_padding  mc_w.l(printfa.o)
    0x08002fb4   0x08002fb4   0x0000002e   Code   RO         6400    i._printf_pre_padding  mc_w.l(printfa.o)
    0x08002fe2   0x08002fe2   0x00000002   PAD
    0x08002fe4   0x08002fe4   0x00000298   Code   RO         5934    i._sin              foc_utils.o
    0x0800327c   0x0800327c   0x00000020   Code   RO         5935    i._sqrtApprox       foc_utils.o
    0x0800329c   0x0800329c   0x00000388   Code   RO         5868    i.alignSensor       bldcmotor.o
    0x08003624   0x08003624   0x00000178   Code   RO         5869    i.angleOpenloop     bldcmotor.o
    0x0800379c   0x0800379c   0x00000220   Code   RO         6459    i.atan              m_ws.l(atan.o)
    0x080039bc   0x080039bc   0x00000180   Code   RO         6103    i.atan2             m_ws.l(atan2.o)
    0x08003b3c   0x08003b3c   0x00000018   Code   RO         3534    i.delay_ms          delay.o
    0x08003b54   0x08003b54   0x00000048   Code   RO         3535    i.delay_us          delay.o
    0x08003b9c   0x08003b9c   0x00000048   Code   RO         5970    i.electricalAngle   focmotor.o
    0x08003be4   0x08003be4   0x00000094   Code   RO         6119    i.fmod              m_ws.l(fmod.o)
    0x08003c78   0x08003c78   0x00000024   Code   RO         3644    i.fputc             usart.o
    0x08003c9c   0x08003c9c   0x000000fc   Code   RO         6021    i.getAngle_soft     magneticsensor.o
    0x08003d98   0x08003d98   0x00000038   Code   RO         3874    i.getCrc8           mbotlinuxusart.o
    0x08003dd0   0x08003dd0   0x000000d8   Code   RO         6022    i.getVelocity       magneticsensor.o
    0x08003ea8   0x08003ea8   0x0000002a   Code   RO         3724    i.i2c_Ack           iic.o
    0x08003ed2   0x08003ed2   0x0000003a   Code   RO         3725    i.i2c_CfgGpio       iic.o
    0x08003f0c   0x08003f0c   0x0000000e   Code   RO         3727    i.i2c_Delay         iic.o
    0x08003f1a   0x08003f1a   0x00000024   Code   RO         3728    i.i2c_NAck          iic.o
    0x08003f3e   0x08003f3e   0x00000050   Code   RO         3729    i.i2c_ReadByte      iic.o
    0x08003f8e   0x08003f8e   0x0000004e   Code   RO         3731    i.i2c_SendByte      iic.o
    0x08003fdc   0x08003fdc   0x0000002a   Code   RO         3732    i.i2c_Start         iic.o
    0x08004006   0x08004006   0x0000001c   Code   RO         3733    i.i2c_Stop          iic.o
    0x08004022   0x08004022   0x00000034   Code   RO         3734    i.i2c_WaitAck       iic.o
    0x08004056   0x08004056   0x00000002   PAD
    0x08004058   0x08004058   0x00000094   Code   RO         5870    i.loopFOC           bldcmotor.o
    0x080040ec   0x080040ec   0x0000004c   Code   RO         3109    i.main              main.o
    0x08004138   0x08004138   0x000000f4   Code   RO         5871    i.move              bldcmotor.o
    0x0800422c   0x0800422c   0x00000074   Code   RO         3922    i.noAS5600_ReadRawAngleTwo  as5600.o
    0x080042a0   0x080042a0   0x00000030   Code   RO         5094    i.prvResetNextTaskUnblockTime  tasks.o
    0x080042d0   0x080042d0   0x0000042c   Code   RO         5872    i.setPhaseVoltage   bldcmotor.o
    0x080046fc   0x080046fc   0x00000038   Code   RO         5971    i.shaftAngle        focmotor.o
    0x08004734   0x08004734   0x0000002c   Code   RO         5972    i.shaftVelocity     focmotor.o
    0x08004760   0x08004760   0x000001f8   Code   RO         3875    i.usartReceiveOneData  mbotlinuxusart.o
    0x08004958   0x08004958   0x000000b0   Code   RO         3876    i.usartSendData     mbotlinuxusart.o
    0x08004a08   0x08004a08   0x000000ac   Code   RO         5129    i.vTaskSwitchContext  tasks.o
    0x08004ab4   0x08004ab4   0x000000f8   Code   RO         5873    i.velocityOpenloop  bldcmotor.o
    0x08004bac   0x08004bac   0x00000034   Code   RO         5729    i.xPortSysTickHandler  port.o
    0x08004be0   0x08004be0   0x00000020   Code   RO         5142    i.xTaskGetSchedulerState  tasks.o
    0x08004c00   0x08004c00   0x000001d8   Code   RO         5145    i.xTaskIncrementTick  tasks.o
    0x08004dd8   0x08004dd8   0x00000004   Data   RO         3878    .constdata          mbotlinuxusart.o
    0x08004ddc   0x08004ddc   0x00000e08   Data   RO         4005    .constdata          oled_show.o
    0x08005be4   0x08005be4   0x00000320   Data   RO         5936    .constdata          foc_utils.o
    0x08005f04   0x08005f04   0x00000004   PAD
    0x08005f08   0x08005f08   0x00000098   Data   RO         6460    .constdata          m_ws.l(atan.o)
    0x08005fa0   0x08005fa0   0x00000008   Data   RO         6485    .constdata          m_ws.l(qnan.o)
    0x08005fa8   0x08005fa8   0x00000020   Data   RO         6548    Region$$Table       anon$$obj.o


    Execution Region RW_IRAM1 (Exec base: 0x20000000, Load base: 0x08005fc8, Size: 0x00000898, Max: 0x00005000, ABSOLUTE, COMPRESSED[0x0000005c])

    Exec Addr    Load Addr    Size         Type   Attr      Idx    E Section Name        Object

    0x20000000   COMPRESSED   0x00000014   Data   RW         1738    .data               stm32f10x_rcc.o
    0x20000014   COMPRESSED   0x0000000c   Data   RW         3112    .data               main.o
    0x20000020   COMPRESSED   0x00000002   Data   RW         3536    .data               delay.o
    0x20000022   COMPRESSED   0x00000002   PAD
    0x20000024   COMPRESSED   0x00000004   Data   RW         3598    .data               freertos_timer.o
    0x20000028   COMPRESSED   0x00000060   Data   RW         3735    .data               iic.o
    0x20000088   COMPRESSED   0x0000002c   Data   RW         3879    .data               mbotlinuxusart.o
    0x200000b4   COMPRESSED   0x00000010   Data   RW         4283    .data               bluetooth.o
    0x200000c4   COMPRESSED   0x00000040   Data   RW         5152    .data               tasks.o
    0x20000104   COMPRESSED   0x0000001c   Data   RW         5874    .data               bldcmotor.o
    0x20000120   COMPRESSED   0x00000034   Data   RW         5973    .data               focmotor.o
    0x20000154   COMPRESSED   0x00000004   Data   RW         6001    .data               lowpass_filter.o
    0x20000158   COMPRESSED   0x00000014   Data   RW         6023    .data               magneticsensor.o
    0x2000016c   COMPRESSED   0x0000002c   Data   RW         6078    .data               focpid.o
    0x20000198   COMPRESSED   0x00000004   Data   RW         6511    .data               mc_w.l(stdout.o)
    0x2000019c   COMPRESSED   0x00000004   Data   RW         6525    .data               mc_w.l(errno.o)
    0x200001a0        -       0x00000010   Zero   RW         3877    .bss                mbotlinuxusart.o
    0x200001b0        -       0x000002e4   Zero   RW         5151    .bss                tasks.o
    0x20000494   COMPRESSED   0x00000004   PAD
    0x20000498        -       0x00000400   Zero   RW            1    STACK               startup_stm32f10x_md.o



  Load Region LR$$.ARM.__AT_0x68000000 (Base: 0x68000000, Size: 0x00000000, Max: 0x00000020, ABSOLUTE)

    Execution Region ER$$.ARM.__AT_0x68000000 (Exec base: 0x68000000, Load base: 0x68000000, Size: 0x00000020, Max: 0x00000020, ABSOLUTE, UNINIT)

    Exec Addr    Load Addr    Size         Type   Attr      Idx    E Section Name        Object

    0x68000000        -       0x00000020   Zero   RW         5806    .ARM.__AT_0x68000000  malloc.o



  Load Region LR$$.ARM.__AT_0x68000020 (Base: 0x68000020, Size: 0x00000000, Max: 0x00000004, ABSOLUTE)

    Execution Region ER$$.ARM.__AT_0x68000020 (Exec base: 0x68000020, Load base: 0x68000020, Size: 0x00000004, Max: 0x00000004, ABSOLUTE, UNINIT)

    Exec Addr    Load Addr    Size         Type   Attr      Idx    E Section Name        Object

    0x68000020        -       0x00000002   Zero   RW         5807    .ARM.__AT_0x68000020  malloc.o


==============================================================================

Image component sizes


      Code (inc. data)   RO Data    RW Data    ZI Data      Debug   Object Name

       128          0          0          0          0       1573   as5600.o
      3244        634          0         28          0       7435   bldcmotor.o
       256         86          0         16          0        963   bluetooth.o
         0          0          0          0          0       4508   core_cm3.o
       112          4          0          2          0       1888   delay.o
       802         68        800          0          0       3067   foc_utils.o
       172         30          0         52          0       3208   focmotor.o
       912        146          0         44          0       2768   focpid.o
        40          8          0          4          0        813   freertos_timer.o
       500          0          0         96          0       8393   iic.o
        96         22          0          4          0        852   lowpass_filter.o
       524         86          0         20          0       3175   magneticsensor.o
       332         96          0         12          0      24129   main.o
         0          0          0          0         34       1635   malloc.o
       848        124          4         44         16       5329   mbotlinuxusart.o
       132         22          0          0          0       1731   misc.o
       866         22       3592          0          0       8733   oled_show.o
       202         18          0          0          0       3810   port.o
        36          8        236          0       1024        868   startup_stm32f10x_md.o
        52         12          0          0          0       1252   stm32f10x_exti.o
       314          0          0          0          0       4612   stm32f10x_gpio.o
       244         52          0          0          0       5219   stm32f10x_it.o
       340         44          0         20          0       5988   stm32f10x_rcc.o
      1272        136          0          0          0      10808   stm32f10x_tim.o
       472          6          0          0          0       7359   stm32f10x_usart.o
       328         28          0          0          0     249333   system_stm32f10x.o
        24          6          0          0          0        496   systick.o
       724        162          0         64        740      18868   tasks.o
       192          6          0          0          0        688   timer.o
       262         12          0          0          0       2647   usart.o

    ----------------------------------------------------------------------
     13452       1838       4668        408       1820     392148   Object Totals
         0          0         32          0          0          0   (incl. Generated)
        26          0          4          2          6          0   (incl. Padding)

    ----------------------------------------------------------------------

      Code (inc. data)   RO Data    RW Data    ZI Data      Debug   Library Member Name

       544         70        152          0          0        124   atan.o
       384         38          0          0          0        144   atan2.o
        38          6          0          0          0        272   dunder.o
       148          4          0          0          0         88   fmod.o
        40          0          0          0          0         68   fpclassify.o
       170          0          0          0          0         96   poly.o
         0          0          8          0          0          0   qnan.o
        86          0          0          0          0          0   __dczerorl2.o
         0          0          0          0          0          0   entry.o
         0          0          0          0          0          0   entry10a.o
         0          0          0          0          0          0   entry11a.o
         8          4          0          0          0          0   entry2.o
         4          0          0          0          0          0   entry5.o
         0          0          0          0          0          0   entry7b.o
         0          0          0          0          0          0   entry8b.o
         8          4          0          0          0          0   entry9a.o
        12          6          0          4          0         68   errno.o
        30          0          0          0          0          0   handlers.o
        36          8          0          0          0         68   init.o
         0          0          0          0          0          0   iusefp.o
        30          0          0          0          0         68   llshl.o
        36          0          0          0          0         68   llsshr.o
        32          0          0          0          0         68   llushr.o
      2258         90          0          0          0        452   printfa.o
         0          0          0          4          0          0   stdout.o
        44          0          0          0          0         80   uidiv.o
        98          0          0          0          0         92   uldiv.o
        48          0          0          0          0         68   cdcmple.o
        48          0          0          0          0         68   cdrcmple.o
        20          0          0          0          0         68   cfcmple.o
        20          0          0          0          0         68   cfrcmple.o
        56          0          0          0          0         88   d2f.o
       334          0          0          0          0        148   dadd.o
       222          0          0          0          0        100   ddiv.o
       186          0          0          0          0        176   depilogue.o
        62          0          0          0          0         80   dfixi.o
        50          0          0          0          0         76   dfixui.o
        48          0          0          0          0         68   dfixul.o
        34          0          0          0          0         76   dflti.o
        26          0          0          0          0         76   dfltui.o
       228          0          0          0          0         96   dmul.o
       134          0          0          0          0         96   drem.o
        46          0          0          0          0         80   dscalb.o
        38          0          0          0          0         68   f2d.o
       176          0          0          0          0        140   fadd.o
       124          0          0          0          0         88   fdiv.o
       110          0          0          0          0        168   fepilogue.o
        50          0          0          0          0         68   ffixi.o
        40          0          0          0          0         68   ffixui.o
        18          0          0          0          0         68   fflti.o
        10          0          0          0          0         68   ffltui.o
       100          0          0          0          0         76   fmul.o

    ----------------------------------------------------------------------
      6240        230        160          8          0       4000   Library Totals
         6          0          0          0          0          0   (incl. Padding)

    ----------------------------------------------------------------------

      Code (inc. data)   RO Data    RW Data    ZI Data      Debug   Library Name

      1324        118        160          0          0        792   m_ws.l
      2682        112          0          8          0        964   mc_w.l
      2228          0          0          0          0       2244   mf_w.l

    ----------------------------------------------------------------------
      6240        230        160          8          0       4000   Library Totals

    ----------------------------------------------------------------------

==============================================================================


      Code (inc. data)   RO Data    RW Data    ZI Data      Debug   

     19692       2068       4828        416       1820     387696   Grand Totals
     19692       2068       4828         92       1820     387696   ELF Image Totals (compressed)
     19692       2068       4828         92          0          0   ROM Totals

==============================================================================

    Total RO  Size (Code + RO Data)                24520 (  23.95kB)
    Total RW  Size (RW Data + ZI Data)              2236 (   2.18kB)
    Total ROM Size (Code + RO Data + RW Data)      24612 (  24.04kB)

==============================================================================

